Archive member included to satisfy reference by file (symbol)

c:/st/stm32cubeide_1.7.0/stm32cubeide/plugins/com.st.stm32cube.ide.mcu.externaltools.gnu-tools-for-stm32.9-2020-q2-update.win32_2.0.0.202105311346/tools/bin/../lib/gcc/arm-none-eabi/9.3.1/../../../../arm-none-eabi/lib/thumb/v7e-m+fp/hard\libc_nano.a(lib_a-errno.o)
                              ./Core/Src/syscalls.o (__errno)
c:/st/stm32cubeide_1.7.0/stm32cubeide/plugins/com.st.stm32cube.ide.mcu.externaltools.gnu-tools-for-stm32.9-2020-q2-update.win32_2.0.0.202105311346/tools/bin/../lib/gcc/arm-none-eabi/9.3.1/../../../../arm-none-eabi/lib/thumb/v7e-m+fp/hard\libc_nano.a(lib_a-exit.o)
                              c:/st/stm32cubeide_1.7.0/stm32cubeide/plugins/com.st.stm32cube.ide.mcu.externaltools.gnu-tools-for-stm32.9-2020-q2-update.win32_2.0.0.202105311346/tools/bin/../lib/gcc/arm-none-eabi/9.3.1/../../../../arm-none-eabi/lib/thumb/v7e-m+fp/hard/crt0.o (exit)
c:/st/stm32cubeide_1.7.0/stm32cubeide/plugins/com.st.stm32cube.ide.mcu.externaltools.gnu-tools-for-stm32.9-2020-q2-update.win32_2.0.0.202105311346/tools/bin/../lib/gcc/arm-none-eabi/9.3.1/../../../../arm-none-eabi/lib/thumb/v7e-m+fp/hard\libc_nano.a(lib_a-impure.o)
                              c:/st/stm32cubeide_1.7.0/stm32cubeide/plugins/com.st.stm32cube.ide.mcu.externaltools.gnu-tools-for-stm32.9-2020-q2-update.win32_2.0.0.202105311346/tools/bin/../lib/gcc/arm-none-eabi/9.3.1/../../../../arm-none-eabi/lib/thumb/v7e-m+fp/hard\libc_nano.a(lib_a-exit.o) (_global_impure_ptr)
c:/st/stm32cubeide_1.7.0/stm32cubeide/plugins/com.st.stm32cube.ide.mcu.externaltools.gnu-tools-for-stm32.9-2020-q2-update.win32_2.0.0.202105311346/tools/bin/../lib/gcc/arm-none-eabi/9.3.1/../../../../arm-none-eabi/lib/thumb/v7e-m+fp/hard\libc_nano.a(lib_a-init.o)
                              c:/st/stm32cubeide_1.7.0/stm32cubeide/plugins/com.st.stm32cube.ide.mcu.externaltools.gnu-tools-for-stm32.9-2020-q2-update.win32_2.0.0.202105311346/tools/bin/../lib/gcc/arm-none-eabi/9.3.1/../../../../arm-none-eabi/lib/thumb/v7e-m+fp/hard/crt0.o (__libc_init_array)
c:/st/stm32cubeide_1.7.0/stm32cubeide/plugins/com.st.stm32cube.ide.mcu.externaltools.gnu-tools-for-stm32.9-2020-q2-update.win32_2.0.0.202105311346/tools/bin/../lib/gcc/arm-none-eabi/9.3.1/../../../../arm-none-eabi/lib/thumb/v7e-m+fp/hard\libc_nano.a(lib_a-memset.o)
                              c:/st/stm32cubeide_1.7.0/stm32cubeide/plugins/com.st.stm32cube.ide.mcu.externaltools.gnu-tools-for-stm32.9-2020-q2-update.win32_2.0.0.202105311346/tools/bin/../lib/gcc/arm-none-eabi/9.3.1/../../../../arm-none-eabi/lib/thumb/v7e-m+fp/hard/crt0.o (memset)
c:/st/stm32cubeide_1.7.0/stm32cubeide/plugins/com.st.stm32cube.ide.mcu.externaltools.gnu-tools-for-stm32.9-2020-q2-update.win32_2.0.0.202105311346/tools/bin/../lib/gcc/arm-none-eabi/9.3.1/thumb/v7e-m+fp/hard\libgcc.a(_arm_muldf3.o)
                              ./Core/Src/printf.o (__aeabi_dmul)
c:/st/stm32cubeide_1.7.0/stm32cubeide/plugins/com.st.stm32cube.ide.mcu.externaltools.gnu-tools-for-stm32.9-2020-q2-update.win32_2.0.0.202105311346/tools/bin/../lib/gcc/arm-none-eabi/9.3.1/thumb/v7e-m+fp/hard\libgcc.a(_arm_addsubdf3.o)
                              ./Core/Src/printf.o (__aeabi_dsub)
c:/st/stm32cubeide_1.7.0/stm32cubeide/plugins/com.st.stm32cube.ide.mcu.externaltools.gnu-tools-for-stm32.9-2020-q2-update.win32_2.0.0.202105311346/tools/bin/../lib/gcc/arm-none-eabi/9.3.1/thumb/v7e-m+fp/hard\libgcc.a(_arm_muldivdf3.o)
                              ./Core/Src/printf.o (__aeabi_ddiv)
c:/st/stm32cubeide_1.7.0/stm32cubeide/plugins/com.st.stm32cube.ide.mcu.externaltools.gnu-tools-for-stm32.9-2020-q2-update.win32_2.0.0.202105311346/tools/bin/../lib/gcc/arm-none-eabi/9.3.1/thumb/v7e-m+fp/hard\libgcc.a(_arm_cmpdf2.o)
                              ./Core/Src/printf.o (__aeabi_dcmpeq)
c:/st/stm32cubeide_1.7.0/stm32cubeide/plugins/com.st.stm32cube.ide.mcu.externaltools.gnu-tools-for-stm32.9-2020-q2-update.win32_2.0.0.202105311346/tools/bin/../lib/gcc/arm-none-eabi/9.3.1/thumb/v7e-m+fp/hard\libgcc.a(_arm_fixdfsi.o)
                              ./Core/Src/printf.o (__aeabi_d2iz)
c:/st/stm32cubeide_1.7.0/stm32cubeide/plugins/com.st.stm32cube.ide.mcu.externaltools.gnu-tools-for-stm32.9-2020-q2-update.win32_2.0.0.202105311346/tools/bin/../lib/gcc/arm-none-eabi/9.3.1/thumb/v7e-m+fp/hard\libgcc.a(_arm_fixunsdfsi.o)
                              ./Core/Src/printf.o (__aeabi_d2uiz)
c:/st/stm32cubeide_1.7.0/stm32cubeide/plugins/com.st.stm32cube.ide.mcu.externaltools.gnu-tools-for-stm32.9-2020-q2-update.win32_2.0.0.202105311346/tools/bin/../lib/gcc/arm-none-eabi/9.3.1/thumb/v7e-m+fp/hard\libgcc.a(_aeabi_uldivmod.o)
                              ./Core/Src/printf.o (__aeabi_uldivmod)
c:/st/stm32cubeide_1.7.0/stm32cubeide/plugins/com.st.stm32cube.ide.mcu.externaltools.gnu-tools-for-stm32.9-2020-q2-update.win32_2.0.0.202105311346/tools/bin/../lib/gcc/arm-none-eabi/9.3.1/thumb/v7e-m+fp/hard\libgcc.a(_udivmoddi4.o)
[...]
Memory Configuration

Name             Origin             Length             Attributes
RAM              0x0000000020000000 0x0000000000018000 xrw
RAM2             0x0000000010000000 0x0000000000008000 xrw
FLASH            0x0000000008000000 0x0000000000100000 xr
*default*        0x0000000000000000 0xffffffffffffffff

Linker script and memory map

LOAD c:/st/stm32cubeide_1.7.0/stm32cubeide/plugins/com.st.stm32cube.ide.mcu.externaltools.gnu-tools-for-stm32.9-2020-q2-update.win32_2.0.0.202105311346/tools/bin/../lib/gcc/arm-none-eabi/9.3.1/thumb/v7e-m+fp/hard/crti.o
LOAD c:/st/stm32cubeide_1.7.0/stm32cubeide/plugins/com.st.stm32cube.ide.mcu.externaltools.gnu-tools-for-stm32.9-2020-q2-update.win32_2.0.0.202105311346/tools/bin/../lib/gcc/arm-none-eabi/9.3.1/thumb/v7e-m+fp/hard/crtbegin.o
LOAD c:/st/stm32cubeide_1.7.0/stm32cubeide/plugins/com.st.stm32cube.ide.mcu.externaltools.gnu-tools-for-stm32.9-2020-q2-update.win32_2.0.0.202105311346/tools/bin/../lib/gcc/arm-none-eabi/9.3.1/../../../../arm-none-eabi/lib/thumb/v7e-m+fp/hard/crt0.o
LOAD ./Core/Src/dfsdm.o
LOAD ./Core/Src/gpio.o
LOAD ./Core/Src/i2c.o
LOAD ./Core/Src/main.o
LOAD ./Core/Src/printf.o
LOAD ./Core/Src/quadspi.o
LOAD ./Core/Src/spi.o
LOAD ./Core/Src/stm32l4xx_hal_msp.o
LOAD ./Core/Src/stm32l4xx_it.o
LOAD ./Core/Src/syscalls.o
LOAD ./Core/Src/sysmem.o
LOAD ./Core/Src/system_stm32l4xx.o
LOAD ./Core/Src/usart.o
LOAD ./Core/Src/usb_otg.o
LOAD ./Core/Startup/startup_stm32l475vgtx.o
LOAD ./Drivers/STM32L4xx_HAL_Driver/Src/stm32l4xx_hal.o
LOAD ./Drivers/STM32L4xx_HAL_Driver/Src/stm32l4xx_hal_cortex.o
LOAD ./Drivers/STM32L4xx_HAL_Driver/Src/stm32l4xx_hal_dfsdm.o
LOAD ./Drivers/STM32L4xx_HAL_Driver/Src/stm32l4xx_hal_dma.o
LOAD ./Drivers/STM32L4xx_HAL_Driver/Src/stm32l4xx_hal_dma_ex.o
LOAD ./Drivers/STM32L4xx_HAL_Driver/Src/stm32l4xx_hal_exti.o
LOAD ./Drivers/STM32L4xx_HAL_Driver/Src/stm32l4xx_hal_flash.o
LOAD ./Drivers/STM32L4xx_HAL_Driver/Src/stm32l4xx_hal_flash_ex.o
LOAD ./Drivers/STM32L4xx_HAL_Driver/Src/stm32l4xx_hal_flash_ramfunc.o
LOAD ./Drivers/STM32L4xx_HAL_Driver/Src/stm32l4xx_hal_gpio.o
LOAD ./Drivers/STM32L4xx_HAL_Driver/Src/stm32l4xx_hal_i2c.o
LOAD ./Drivers/STM32L4xx_HAL_Driver/Src/stm32l4xx_hal_i2c_ex.o
LOAD ./Drivers/STM32L4xx_HAL_Driver/Src/stm32l4xx_hal_pcd.o
LOAD ./Drivers/STM32L4xx_HAL_Driver/Src/stm32l4xx_hal_pcd_ex.o
LOAD ./Drivers/STM32L4xx_HAL_Driver/Src/stm32l4xx_hal_pwr.o
LOAD ./Drivers/STM32L4xx_HAL_Driver/Src/stm32l4xx_hal_pwr_ex.o
LOAD ./Drivers/STM32L4xx_HAL_Driver/Src/stm32l4xx_hal_qspi.o
LOAD ./Drivers/STM32L4xx_HAL_Driver/Src/stm32l4xx_hal_rcc.o
LOAD ./Drivers/STM32L4xx_HAL_Driver/Src/stm32l4xx_hal_rcc_ex.o
LOAD ./Drivers/STM32L4xx_HAL_Driver/Src/stm32l4xx_hal_spi.o
LOAD ./Drivers/STM32L4xx_HAL_Driver/Src/stm32l4xx_hal_spi_ex.o
LOAD ./Drivers/STM32L4xx_HAL_Driver/Src/stm32l4xx_hal_tim.o
LOAD ./Drivers/STM32L4xx_HAL_Driver/Src/stm32l4xx_hal_tim_ex.o
LOAD ./Drivers/STM32L4xx_HAL_Driver/Src/stm32l4xx_hal_uart.o
LOAD ./Drivers/STM32L4xx_HAL_Driver/Src/stm32l4xx_hal_uart_ex.o
LOAD ./Drivers/STM32L4xx_HAL_Driver/Src/stm32l4xx_ll_usb.o
START GROUP
LOAD c:/st/stm32cubeide_1.7.0/stm32cubeide/plugins/com.st.stm32cube.ide.mcu.externaltools.gnu-tools-for-stm32.9-2020-q2-update.win32_2.0.0.202105311346/tools/bin/../lib/gcc/arm-none-eabi/9.3.1/../../../../arm-none-eabi/lib/thumb/v7e-m+fp/hard\libc_nano.a
LOAD c:/st/stm32cubeide_1.7.0/stm32cubeide/plugins/com.st.stm32cube.ide.mcu.externaltools.gnu-tools-for-stm32.9-2020-q2-update.win32_2.0.0.202105311346/tools/bin/../lib/gcc/arm-none-eabi/9.3.1/../../../../arm-none-eabi/lib/thumb/v7e-m+fp/hard\libm.a
END GROUP
START GROUP
LOAD c:/st/stm32cubeide_1.7.0/stm32cubeide/plugins/com.st.stm32cube.ide.mcu.externaltools.gnu-tools-for-stm32.9-2020-q2-update.win32_2.0.0.202105311346/tools/bin/../lib/gcc/arm-none-eabi/9.3.1/thumb/v7e-m+fp/hard\libgcc.a
LOAD c:/st/stm32cubeide_1.7.0/stm32cubeide/plugins/com.st.stm32cube.ide.mcu.externaltools.gnu-tools-for-stm32.9-2020-q2-update.win32_2.0.0.202105311346/tools/bin/../lib/gcc/arm-none-eabi/9.3.1/../../../../arm-none-eabi/lib/thumb/v7e-m+fp/hard\libc_nano.a
END GROUP
START GROUP
LOAD c:/st/stm32cubeide_1.7.0/stm32cubeide/plugins/com.st.stm32cube.ide.mcu.externaltools.gnu-tools-for-stm32.9-2020-q2-update.win32_2.0.0.202105311346/tools/bin/../lib/gcc/arm-none-eabi/9.3.1/thumb/v7e-m+fp/hard\libgcc.a
LOAD c:/st/stm32cubeide_1.7.0/stm32cubeide/plugins/com.st.stm32cube.ide.mcu.externaltools.gnu-tools-for-stm32.9-2020-q2-update.win32_2.0.0.202105311346/tools/bin/../lib/gcc/arm-none-eabi/9.3.1/../../../../arm-none-eabi/lib/thumb/v7e-m+fp/hard\libc_nano.a
LOAD c:/st/stm32cubeide_1.7.0/stm32cubeide/plugins/com.st.stm32cube.ide.mcu.externaltools.gnu-tools-for-stm32.9-2020-q2-update.win32_2.0.0.202105311346/tools/bin/../lib/gcc/arm-none-eabi/9.3.1/../../../../arm-none-eabi/lib/thumb/v7e-m+fp/hard\libnosys.a
END GROUP
START GROUP
LOAD c:/st/stm32cubeide_1.7.0/stm32cubeide/plugins/com.st.stm32cube.ide.mcu.externaltools.gnu-tools-for-stm32.9-2020-q2-update.win32_2.0.0.202105311346/tools/bin/../lib/gcc/arm-none-eabi/9.3.1/thumb/v7e-m+fp/hard\libgcc.a
LOAD c:/st/stm32cubeide_1.7.0/stm32cubeide/plugins/com.st.stm32cube.ide.mcu.externaltools.gnu-tools-for-stm32.9-2020-q2-update.win32_2.0.0.202105311346/tools/bin/../lib/gcc/arm-none-eabi/9.3.1/../../../../arm-none-eabi/lib/thumb/v7e-m+fp/hard\libc_nano.a
LOAD c:/st/stm32cubeide_1.7.0/stm32cubeide/plugins/com.st.stm32cube.ide.mcu.externaltools.gnu-tools-for-stm32.9-2020-q2-update.win32_2.0.0.202105311346/tools/bin/../lib/gcc/arm-none-eabi/9.3.1/../../../../arm-none-eabi/lib/thumb/v7e-m+fp/hard\libnosys.a
END GROUP
LOAD c:/st/stm32cubeide_1.7.0/stm32cubeide/plugins/com.st.stm32cube.ide.mcu.externaltools.gnu-tools-for-stm32.9-2020-q2-update.win32_2.0.0.202105311346/tools/bin/../lib/gcc/arm-none-eabi/9.3.1/thumb/v7e-m+fp/hard/crtend.o
LOAD c:/st/stm32cubeide_1.7.0/stm32cubeide/plugins/com.st.stm32cube.ide.mcu.externaltools.gnu-tools-for-stm32.9-2020-q2-update.win32_2.0.0.202105311346/tools/bin/../lib/gcc/arm-none-eabi/9.3.1/thumb/v7e-m+fp/hard/crtn.o
                0x0000000020018000                _estack = (ORIGIN (RAM) + LENGTH (RAM))
                0x0000000000000200                _Min_Heap_Size = 0x200
                0x0000000000000400                _Min_Stack_Size = 0x400

.isr_vector     0x0000000008000000      0x188
                0x0000000008000000                . = ALIGN (0x4)
 *(.isr_vector)
 .isr_vector    0x0000000008000000      0x188 ./Core/Startup/startup_stm32l475vgtx.o
                0x0000000008000000                g_pfnVectors
                0x0000000008000188                . = ALIGN (0x4)

.text           0x0000000008000188     0x6b0c
                0x0000000008000188                . = ALIGN (0x4)
 *(.text)
 .text          0x0000000008000188       0x40 c:/st/stm32cubeide_1.7.0/stm32cubeide/plugins/com.st.stm32cube.ide.mcu.externaltools.gnu-tools-for-stm32.9-2020-q2-update.win32_2.0.0.202105311346/tools/bin/../lib/gcc/arm-none-eabi/9.3.1/thumb/v7e-m+fp/hard/crtbegin.o
 .text          0x00000000080001c8      0x378 c:/st/stm32cubeide_1.7.0/stm32cubeide/plugins/com.st.stm32cube.ide.mcu.externaltools.gnu-tools-for-stm32.9-2020-q2-update.win32_2.0.0.202105311346/tools/bin/../lib/gcc/arm-none-eabi/9.3.1/thumb/v7e-m+fp/hard\libgcc.a(_arm_addsubdf3.o)
                0x00000000080001c8                __aeabi_drsub
                0x00000000080001d0                __aeabi_dsub
                0x00000000080001d0                __subdf3
                0x00000000080001d4                __aeabi_dadd
                0x00000000080001d4                __adddf3
                0x000000000800044c                __floatunsidf
                0x000000000800044c                __aeabi_ui2d
                0x000000000800046c                __floatsidf
                0x000000000800046c                __aeabi_i2d
                0x0000000008000490                __aeabi_f2d
                0x0000000008000490                __extendsfdf2
                0x00000000080004d4                __floatundidf
                0x00000000080004d4                __aeabi_ul2d
                0x00000000080004e4                __floatdidf
                0x00000000080004e4                __aeabi_l2d
 .text          0x0000000008000540      0x424 c:/st/stm32cubeide_1.7.0/stm32cubeide/plugins/com.st.stm32cube.ide.mcu.externaltools.gnu-tools-for-stm32.9-2020-q2-update.win32_2.0.0.202105311346/tools/bin/../lib/gcc/arm-none-eabi/9.3.1/thumb/v7e-m+fp/hard\libgcc.a(_arm_muldivdf3.o)
                0x0000000008000540                __aeabi_dmul
                0x0000000008000540                __muldf3
                0x0000000008000794                __divdf3
                0x0000000008000794                __aeabi_ddiv
 .text          0x0000000008000964      0x110 c:/st/stm32cubeide_1.7.0/stm32cubeide/plugins/com.st.stm32cube.ide.mcu.externaltools.gnu-tools-for-stm32.9-2020-q2-update.win32_2.0.0.202105311346/tools/bin/../lib/gcc/arm-none-eabi/9.3.1/thumb/v7e-m+fp/hard\libgcc.a(_arm_cmpdf2.o)
                0x0000000008000964                __gtdf2
                0x0000000008000964                __gedf2
                0x000000000800096c                __ltdf2
                0x000000000800096c                __ledf2
                0x0000000008000974                __nedf2
                0x0000000008000974                __eqdf2
                0x0000000008000974                __cmpdf2
                0x00000000080009f0                __aeabi_cdrcmple
                0x0000000008000a00                __aeabi_cdcmpeq
                0x0000000008000a00                __aeabi_cdcmple
                0x0000000008000a10                __aeabi_dcmpeq
                0x0000000008000a24                __aeabi_dcmplt
                0x0000000008000a38                __aeabi_dcmple
                0x0000000008000a4c                __aeabi_dcmpge
                0x0000000008000a60                __aeabi_dcmpgt
 .text          0x0000000008000a74       0x50 c:/st/stm32cubeide_1.7.0/stm32cubeide/plugins/com.st.stm32cube.ide.mcu.externaltools.gnu-tools-for-stm32.9-2020-q2-update.win32_2.0.0.202105311346/tools/bin/../lib/gcc/arm-none-eabi/9.3.1/thumb/v7e-m+fp/hard\libgcc.a(_arm_fixdfsi.o)
                0x0000000008000a74                __aeabi_d2iz
                0x0000000008000a74                __fixdfsi
 .text          0x0000000008000ac4       0x40 c:/st/stm32cubeide_1.7.0/stm32cubeide/plugins/com.st.stm32cube.ide.mcu.externaltools.gnu-tools-for-stm32.9-2020-q2-update.win32_2.0.0.202105311346/tools/bin/../lib/gcc/arm-none-eabi/9.3.1/thumb/v7e-m+fp/hard\libgcc.a(_arm_fixunsdfsi.o)
                0x0000000008000ac4                __aeabi_d2uiz
                0x0000000008000ac4                __fixunsdfsi
 .text          0x0000000008000b04       0x30 c:/st/stm32cubeide_1.7.0/stm32cubeide/plugins/com.st.stm32cube.ide.mcu.externaltools.gnu-tools-for-stm32.9-2020-q2-update.win32_2.0.0.202105311346/tools/bin/../lib/gcc/arm-none-eabi/9.3.1/thumb/v7e-m+fp/hard\libgcc.a(_aeabi_uldivmod.o)
                0x0000000008000b04                __aeabi_uldivmod
 .text          0x0000000008000b34      0x2c4 c:/st/stm32cubeide_1.7.0/stm32cubeide/plugins/com.st.stm32cube.ide.mcu.externaltools.gnu-tools-for-stm32.9-2020-q2-update.win32_2.0.0.202105311346/tools/bin/../lib/gcc/arm-none-eabi/9.3.1/thumb/v7e-m+fp/hard\libgcc.a(_udivmoddi4.o)
                0x0000000008000b34                __udivmoddi4
 .text          0x0000000008000df8        0x4 c:/st/stm32cubeide_1.7.0/stm32cubeide/plugins/com.st.stm32cube.ide.mcu.externaltools.gnu-tools-for-stm32.9-2020-q2-update.win32_2.0.0.202105311346/tools/bin/../lib/gcc/arm-none-eabi/9.3.1/thumb/v7e-m+fp/hard\libgcc.a(_dvmd_tls.o)
                0x0000000008000df8                __aeabi_idiv0
                0x0000000008000df8                __aeabi_ldiv0
 *(.text*)
 .text.MX_DFSDM1_Init
                0x0000000008000dfc       0x70 ./Core/Src/dfsdm.o
                0x0000000008000dfc                MX_DFSDM1_Init
 .text.HAL_DFSDM_ChannelMspInit
                0x0000000008000e6c       0xc8 ./Core/Src/dfsdm.o
                0x0000000008000e6c                HAL_DFSDM_ChannelMspInit
 .text.MX_GPIO_Init
                0x0000000008000f34      0x33c ./Core/Src/gpio.o
                0x0000000008000f34                MX_GPIO_Init
 .text.MX_I2C2_Init
                0x0000000008001270       0x7c ./Core/Src/i2c.o
                0x0000000008001270                MX_I2C2_Init
 .text.HAL_I2C_MspInit
                0x00000000080012ec       0xbc ./Core/Src/i2c.o
                0x00000000080012ec                HAL_I2C_MspInit
 .text._putchar
                0x00000000080013a8       0x48 ./Core/Src/main.o
                0x00000000080013a8                _putchar
 .text.main     0x00000000080013f0       0x44 ./Core/Src/main.o
                0x00000000080013f0                main
 .text.SystemClock_Config
                0x0000000008001434       0xc4 ./Core/Src/main.o
                0x0000000008001434                SystemClock_Config
 .text.Error_Handler
                0x00000000080014f8        0xa ./Core/Src/main.o
                0x00000000080014f8                Error_Handler
 .text._out_null
                0x0000000008001502       0x1c ./Core/Src/printf.o
 .text._out_char
                0x000000000800151e       0x26 ./Core/Src/printf.o
 .text._strnlen_s
                0x0000000008001544       0x3a ./Core/Src/printf.o
 .text._is_digit
                0x000000000800157e       0x2e ./Core/Src/printf.o
 .text._atoi    0x00000000080015ac       0x48 ./Core/Src/printf.o
 .text._out_rev
                0x00000000080015f4       0xa0 ./Core/Src/printf.o
 .text._ntoa_format
                0x0000000008001694      0x1b8 ./Core/Src/printf.o
 .text._ntoa_long
                0x000000000800184c       0xce ./Core/Src/printf.o
 .text._ntoa_long_long
                0x000000000800191a       0xdc ./Core/Src/printf.o
 *fill*         0x00000000080019f6        0x2 
 .text._ftoa    0x00000000080019f8      0x4bc ./Core/Src/printf.o
 *fill*         0x0000000008001eb4        0x4 
 .text._etoa    0x0000000008001eb8      0x520 ./Core/Src/printf.o
 .text._vsnprintf
                0x00000000080023d8      0x970 ./Core/Src/printf.o
 .text.printf_  0x0000000008002d48       0x38 ./Core/Src/printf.o
                0x0000000008002d48                printf_
 .text.MX_QUADSPI_Init
                0x0000000008002d80       0x4c ./Core/Src/quadspi.o
                0x0000000008002d80                MX_QUADSPI_Init
 .text.HAL_QSPI_MspInit
                0x0000000008002dcc       0x88 ./Core/Src/quadspi.o
                0x0000000008002dcc                HAL_QSPI_MspInit
 .text.MX_SPI3_Init
                0x0000000008002e54       0x7c ./Core/Src/spi.o
                0x0000000008002e54                MX_SPI3_Init
 .text.HAL_SPI_MspInit
                0x0000000008002ed0       0x88 ./Core/Src/spi.o
                0x0000000008002ed0                HAL_SPI_MspInit
 .text.HAL_MspInit
                0x0000000008002f58       0x48 ./Core/Src/stm32l4xx_hal_msp.o
                0x0000000008002f58                HAL_MspInit
 .text.NMI_Handler
                0x0000000008002fa0        0x6 ./Core/Src/stm32l4xx_it.o
                0x0000000008002fa0                NMI_Handler
 .text.HardFault_Handler
                0x0000000008002fa6        0x6 ./Core/Src/stm32l4xx_it.o
                0x0000000008002fa6                HardFault_Handler
 .text.MemManage_Handler
                0x0000000008002fac        0x6 ./Core/Src/stm32l4xx_it.o
                0x0000000008002fac                MemManage_Handler
 .text.BusFault_Handler
                0x0000000008002fb2        0x6 ./Core/Src/stm32l4xx_it.o
                0x0000000008002fb2                BusFault_Handler
 .text.UsageFault_Handler
                0x0000000008002fb8        0x6 ./Core/Src/stm32l4xx_it.o
                0x0000000008002fb8                UsageFault_Handler
 .text.SVC_Handler
                0x0000000008002fbe        0xe ./Core/Src/stm32l4xx_it.o
                0x0000000008002fbe                SVC_Handler
 .text.DebugMon_Handler
                0x0000000008002fcc        0xe ./Core/Src/stm32l4xx_it.o
                0x0000000008002fcc                DebugMon_Handler
 .text.PendSV_Handler
                0x0000000008002fda        0xe ./Core/Src/stm32l4xx_it.o
                0x0000000008002fda                PendSV_Handler
 .text.SysTick_Handler
                0x0000000008002fe8        0xc ./Core/Src/stm32l4xx_it.o
                0x0000000008002fe8                SysTick_Handler
 .text.EXTI9_5_IRQHandler
                0x0000000008002ff4       0x22 ./Core/Src/stm32l4xx_it.o
                0x0000000008002ff4                EXTI9_5_IRQHandler
 .text.EXTI15_10_IRQHandler
                0x0000000008003016       0x30 ./Core/Src/stm32l4xx_it.o
                0x0000000008003016                EXTI15_10_IRQHandler
 *fill*         0x0000000008003046        0x2 
 .text.SystemInit
                0x0000000008003048       0x24 ./Core/Src/system_stm32l4xx.o
                0x0000000008003048                SystemInit
 .text.MX_UART4_Init
                0x000000000800306c       0x60 ./Core/Src/usart.o
                0x000000000800306c                MX_UART4_Init
 .text.MX_USART1_UART_Init
                0x00000000080030cc       0x60 ./Core/Src/usart.o
                0x00000000080030cc                MX_USART1_UART_Init
 .text.MX_USART3_UART_Init
                0x000000000800312c       0x60 ./Core/Src/usart.o
                0x000000000800312c                MX_USART3_UART_Init
 .text.HAL_UART_MspInit
                0x000000000800318c      0x1d0 ./Core/Src/usart.o
                0x000000000800318c                HAL_UART_MspInit
 .text.MX_USB_OTG_FS_PCD_Init
                0x000000000800335c       0x5c ./Core/Src/usb_otg.o
                0x000000000800335c                MX_USB_OTG_FS_PCD_Init
 .text.HAL_PCD_MspInit
                0x00000000080033b8      0x138 ./Core/Src/usb_otg.o
                0x00000000080033b8                HAL_PCD_MspInit
 .text.Reset_Handler
                0x00000000080034f0       0x50 ./Core/Startup/startup_stm32l475vgtx.o
                0x00000000080034f0                Reset_Handler
 .text.Default_Handler
                0x0000000008003540        0x2 ./Core/Startup/startup_stm32l475vgtx.o
                0x0000000008003540                RTC_Alarm_IRQHandler
                0x0000000008003540                EXTI2_IRQHandler
                0x0000000008003540                TIM8_TRG_COM_IRQHandler
                0x0000000008003540                TIM8_CC_IRQHandler
                0x0000000008003540                TIM1_CC_IRQHandler
                0x0000000008003540                TSC_IRQHandler
                0x0000000008003540                TAMP_STAMP_IRQHandler
                0x0000000008003540                EXTI3_IRQHandler
                0x0000000008003540                LPTIM2_IRQHandler
                0x0000000008003540                DFSDM1_FLT1_IRQHandler
                0x0000000008003540                I2C3_ER_IRQHandler
                0x0000000008003540                DFSDM1_FLT2_IRQHandler
                0x0000000008003540                EXTI0_IRQHandler
                0x0000000008003540                I2C2_EV_IRQHandler
                0x0000000008003540                CAN1_RX0_IRQHandler
                0x0000000008003540                FPU_IRQHandler
                0x0000000008003540                TIM1_UP_TIM16_IRQHandler
                0x0000000008003540                ADC1_2_IRQHandler
                0x0000000008003540                SPI1_IRQHandler
                0x0000000008003540                TIM6_DAC_IRQHandler
                0x0000000008003540                TIM8_UP_IRQHandler
                0x0000000008003540                DMA2_Channel2_IRQHandler
                0x0000000008003540                DMA1_Channel4_IRQHandler
                0x0000000008003540                SAI2_IRQHandler
                0x0000000008003540                DFSDM1_FLT3_IRQHandler
                0x0000000008003540                USART3_IRQHandler
                0x0000000008003540                DMA1_Channel7_IRQHandler
                0x0000000008003540                CAN1_RX1_IRQHandler
                0x0000000008003540                UART5_IRQHandler
                0x0000000008003540                ADC3_IRQHandler
                0x0000000008003540                TIM4_IRQHandler
                0x0000000008003540                DMA2_Channel1_IRQHandler
                0x0000000008003540                QUADSPI_IRQHandler
                0x0000000008003540                I2C1_EV_IRQHandler
                0x0000000008003540                DMA1_Channel6_IRQHandler
                0x0000000008003540                UART4_IRQHandler
                0x0000000008003540                DMA2_Channel4_IRQHandler
                0x0000000008003540                TIM3_IRQHandler
                0x0000000008003540                RCC_IRQHandler
                0x0000000008003540                DMA1_Channel1_IRQHandler
                0x0000000008003540                Default_Handler
                0x0000000008003540                DMA2_Channel7_IRQHandler
                0x0000000008003540                TIM7_IRQHandler
                0x0000000008003540                SDMMC1_IRQHandler
                0x0000000008003540                TIM5_IRQHandler
                0x0000000008003540                I2C3_EV_IRQHandler
                0x0000000008003540                RTC_WKUP_IRQHandler
                0x0000000008003540                PVD_PVM_IRQHandler
                0x0000000008003540                SPI2_IRQHandler
                0x0000000008003540                CAN1_TX_IRQHandler
                0x0000000008003540                DMA2_Channel5_IRQHandler
                0x0000000008003540                DMA1_Channel5_IRQHandler
                0x0000000008003540                EXTI4_IRQHandler
                0x0000000008003540                RNG_IRQHandler
                0x0000000008003540                TIM1_TRG_COM_TIM17_IRQHandler
                0x0000000008003540                DMA1_Channel3_IRQHandler
                0x0000000008003540                COMP_IRQHandler
                0x0000000008003540                WWDG_IRQHandler
                0x0000000008003540                LPUART1_IRQHandler
                0x0000000008003540                DMA2_Channel6_IRQHandler
                0x0000000008003540                TIM2_IRQHandler
                0x0000000008003540                EXTI1_IRQHandler
                0x0000000008003540                USART2_IRQHandler
                0x0000000008003540                DFSDM1_FLT0_IRQHandler
                0x0000000008003540                I2C2_ER_IRQHandler
                0x0000000008003540                DMA1_Channel2_IRQHandler
                0x0000000008003540                TIM8_BRK_IRQHandler
                0x0000000008003540                CAN1_SCE_IRQHandler
                0x0000000008003540                FLASH_IRQHandler
                0x0000000008003540                USART1_IRQHandler
                0x0000000008003540                OTG_FS_IRQHandler
                0x0000000008003540                SPI3_IRQHandler
                0x0000000008003540                I2C1_ER_IRQHandler
                0x0000000008003540                FMC_IRQHandler
                0x0000000008003540                SWPMI1_IRQHandler
                0x0000000008003540                LPTIM1_IRQHandler
                0x0000000008003540                SAI1_IRQHandler
                0x0000000008003540                DMA2_Channel3_IRQHandler
                0x0000000008003540                TIM1_BRK_TIM15_IRQHandler
 .text.HAL_Init
                0x0000000008003542       0x30 ./Drivers/STM32L4xx_HAL_Driver/Src/stm32l4xx_hal.o
                0x0000000008003542                HAL_Init
 *fill*         0x0000000008003572        0x2 
 .text.HAL_InitTick
                0x0000000008003574       0x78 ./Drivers/STM32L4xx_HAL_Driver/Src/stm32l4xx_hal.o
                0x0000000008003574                HAL_InitTick
 .text.HAL_IncTick
                0x00000000080035ec       0x28 ./Drivers/STM32L4xx_HAL_Driver/Src/stm32l4xx_hal.o
                0x00000000080035ec                HAL_IncTick
 .text.HAL_GetTick
                0x0000000008003614       0x18 ./Drivers/STM32L4xx_HAL_Driver/Src/stm32l4xx_hal.o
                0x0000000008003614                HAL_GetTick
 .text.HAL_Delay
                0x000000000800362c       0x48 ./Drivers/STM32L4xx_HAL_Driver/Src/stm32l4xx_hal.o
                0x000000000800362c                HAL_Delay
 .text.__NVIC_SetPriorityGrouping
                0x0000000008003674       0x48 ./Drivers/STM32L4xx_HAL_Driver/Src/stm32l4xx_hal_cortex.o
 .text.__NVIC_GetPriorityGrouping
                0x00000000080036bc       0x1c ./Drivers/STM32L4xx_HAL_Driver/Src/stm32l4xx_hal_cortex.o
 .text.__NVIC_EnableIRQ
                0x00000000080036d8       0x3c ./Drivers/STM32L4xx_HAL_Driver/Src/stm32l4xx_hal_cortex.o
 .text.__NVIC_SetPriority
                0x0000000008003714       0x54 ./Drivers/STM32L4xx_HAL_Driver/Src/stm32l4xx_hal_cortex.o
 .text.NVIC_EncodePriority
                0x0000000008003768       0x66 ./Drivers/STM32L4xx_HAL_Driver/Src/stm32l4xx_hal_cortex.o
 *fill*         0x00000000080037ce        0x2 
 .text.SysTick_Config
                0x00000000080037d0       0x44 ./Drivers/STM32L4xx_HAL_Driver/Src/stm32l4xx_hal_cortex.o
 .text.HAL_NVIC_SetPriorityGrouping
                0x0000000008003814       0x16 ./Drivers/STM32L4xx_HAL_Driver/Src/stm32l4xx_hal_cortex.o
                0x0000000008003814                HAL_NVIC_SetPriorityGrouping
 .text.HAL_NVIC_SetPriority
                0x000000000800382a       0x38 ./Drivers/STM32L4xx_HAL_Driver/Src/stm32l4xx_hal_cortex.o
                0x000000000800382a                HAL_NVIC_SetPriority
 .text.HAL_NVIC_EnableIRQ
                0x0000000008003862       0x1c ./Drivers/STM32L4xx_HAL_Driver/Src/stm32l4xx_hal_cortex.o
                0x0000000008003862                HAL_NVIC_EnableIRQ
 .text.HAL_SYSTICK_Config
                0x000000000800387e       0x18 ./Drivers/STM32L4xx_HAL_Driver/Src/stm32l4xx_hal_cortex.o
                0x000000000800387e                HAL_SYSTICK_Config
 *fill*         0x0000000008003896        0x2 
 .text.HAL_DFSDM_ChannelInit
                0x0000000008003898      0x180 ./Drivers/STM32L4xx_HAL_Driver/Src/stm32l4xx_hal_dfsdm.o
                0x0000000008003898                HAL_DFSDM_ChannelInit
 .text.DFSDM_GetChannelFromInstance
                0x0000000008003a18       0x98 ./Drivers/STM32L4xx_HAL_Driver/Src/stm32l4xx_hal_dfsdm.o
 .text.HAL_GPIO_Init
                0x0000000008003ab0      0x354 ./Drivers/STM32L4xx_HAL_Driver/Src/stm32l4xx_hal_gpio.o
                0x0000000008003ab0                HAL_GPIO_Init
 .text.HAL_GPIO_WritePin
                0x0000000008003e04       0x30 ./Drivers/STM32L4xx_HAL_Driver/Src/stm32l4xx_hal_gpio.o
                0x0000000008003e04                HAL_GPIO_WritePin
 .text.HAL_GPIO_EXTI_IRQHandler
                0x0000000008003e34       0x30 ./Drivers/STM32L4xx_HAL_Driver/Src/stm32l4xx_hal_gpio.o
                0x0000000008003e34                HAL_GPIO_EXTI_IRQHandler
 .text.HAL_GPIO_EXTI_Callback
                0x0000000008003e64       0x16 ./Drivers/STM32L4xx_HAL_Driver/Src/stm32l4xx_hal_gpio.o
                0x0000000008003e64                HAL_GPIO_EXTI_Callback
 .text.HAL_I2C_Init
                0x0000000008003e7a      0x11e ./Drivers/STM32L4xx_HAL_Driver/Src/stm32l4xx_hal_i2c.o
                0x0000000008003e7a                HAL_I2C_Init
 .text.HAL_I2CEx_ConfigAnalogFilter
                0x0000000008003f98       0x96 ./Drivers/STM32L4xx_HAL_Driver/Src/stm32l4xx_hal_i2c_ex.o
                0x0000000008003f98                HAL_I2CEx_ConfigAnalogFilter
 .text.HAL_I2CEx_ConfigDigitalFilter
                0x000000000800402e       0x98 ./Drivers/STM32L4xx_HAL_Driver/Src/stm32l4xx_hal_i2c_ex.o
                0x000000000800402e                HAL_I2CEx_ConfigDigitalFilter
 .text.HAL_PCD_Init
                0x00000000080040c6      0x248 ./Drivers/STM32L4xx_HAL_Driver/Src/stm32l4xx_hal_pcd.o
                0x00000000080040c6                HAL_PCD_Init
 .text.HAL_PCDEx_ActivateLPM
                0x000000000800430e       0x48 ./Drivers/STM32L4xx_HAL_Driver/Src/stm32l4xx_hal_pcd_ex.o
                0x000000000800430e                HAL_PCDEx_ActivateLPM
 *fill*         0x0000000008004356        0x2 
 .text.HAL_PWR_EnableBkUpAccess
                0x0000000008004358       0x20 ./Drivers/STM32L4xx_HAL_Driver/Src/stm32l4xx_hal_pwr.o
                0x0000000008004358                HAL_PWR_EnableBkUpAccess
 .text.HAL_PWREx_GetVoltageRange
                0x0000000008004378       0x1c ./Drivers/STM32L4xx_HAL_Driver/Src/stm32l4xx_hal_pwr_ex.o
                0x0000000008004378                HAL_PWREx_GetVoltageRange
 .text.HAL_PWREx_ControlVoltageScaling
                0x0000000008004394       0xac ./Drivers/STM32L4xx_HAL_Driver/Src/stm32l4xx_hal_pwr_ex.o
                0x0000000008004394                HAL_PWREx_ControlVoltageScaling
 .text.HAL_PWREx_EnableVddUSB
                0x0000000008004440       0x20 ./Drivers/STM32L4xx_HAL_Driver/Src/stm32l4xx_hal_pwr_ex.o
                0x0000000008004440                HAL_PWREx_EnableVddUSB
 .text.HAL_QSPI_Init
                0x0000000008004460       0xec ./Drivers/STM32L4xx_HAL_Driver/Src/stm32l4xx_hal_qspi.o
                0x0000000008004460                HAL_QSPI_Init
 .text.HAL_QSPI_SetTimeout
                0x000000000800454c       0x1c ./Drivers/STM32L4xx_HAL_Driver/Src/stm32l4xx_hal_qspi.o
                0x000000000800454c                HAL_QSPI_SetTimeout
 .text.QSPI_WaitFlagStateUntilTimeout
                0x0000000008004568       0x6e ./Drivers/STM32L4xx_HAL_Driver/Src/stm32l4xx_hal_qspi.o
 *fill*         0x00000000080045d6        0x2 
 .text.HAL_RCC_OscConfig
                0x00000000080045d8      0x7cc ./Drivers/STM32L4xx_HAL_Driver/Src/stm32l4xx_hal_rcc.o
                0x00000000080045d8                HAL_RCC_OscConfig
 .text.HAL_RCC_ClockConfig
                0x0000000008004da4      0x1c4 ./Drivers/STM32L4xx_HAL_Driver/Src/stm32l4xx_hal_rcc.o
                0x0000000008004da4                HAL_RCC_ClockConfig
 .text.HAL_RCC_GetSysClockFreq
                0x0000000008004f68      0x118 ./Drivers/STM32L4xx_HAL_Driver/Src/stm32l4xx_hal_rcc.o
                0x0000000008004f68                HAL_RCC_GetSysClockFreq
 .text.HAL_RCC_GetHCLKFreq
                0x0000000008005080       0x18 ./Drivers/STM32L4xx_HAL_Driver/Src/stm32l4xx_hal_rcc.o
                0x0000000008005080                HAL_RCC_GetHCLKFreq
 .text.HAL_RCC_GetPCLK1Freq
                0x0000000008005098       0x2c ./Drivers/STM32L4xx_HAL_Driver/Src/stm32l4xx_hal_rcc.o
                0x0000000008005098                HAL_RCC_GetPCLK1Freq
 .text.HAL_RCC_GetPCLK2Freq
                0x00000000080050c4       0x2c ./Drivers/STM32L4xx_HAL_Driver/Src/stm32l4xx_hal_rcc.o
                0x00000000080050c4                HAL_RCC_GetPCLK2Freq
 .text.RCC_SetFlashLatencyFromMSIRange
                0x00000000080050f0       0xc0 ./Drivers/STM32L4xx_HAL_Driver/Src/stm32l4xx_hal_rcc.o
 .text.HAL_RCCEx_PeriphCLKConfig
                0x00000000080051b0      0x5d4 ./Drivers/STM32L4xx_HAL_Driver/Src/stm32l4xx_hal_rcc_ex.o
                0x00000000080051b0                HAL_RCCEx_PeriphCLKConfig
 .text.HAL_RCCEx_EnableMSIPLLMode
                0x0000000008005784       0x20 ./Drivers/STM32L4xx_HAL_Driver/Src/stm32l4xx_hal_rcc_ex.o
                0x0000000008005784                HAL_RCCEx_EnableMSIPLLMode
 .text.RCCEx_PLLSAI1_Config
                0x00000000080057a4      0x1e8 ./Drivers/STM32L4xx_HAL_Driver/Src/stm32l4xx_hal_rcc_ex.o
 .text.RCCEx_PLLSAI2_Config
                0x000000000800598c      0x1bc ./Drivers/STM32L4xx_HAL_Driver/Src/stm32l4xx_hal_rcc_ex.o
 .text.HAL_SPI_Init
                0x0000000008005b48      0x146 ./Drivers/STM32L4xx_HAL_Driver/Src/stm32l4xx_hal_spi.o
                0x0000000008005b48                HAL_SPI_Init
 .text.HAL_UART_Init
                0x0000000008005c8e       0x9c ./Drivers/STM32L4xx_HAL_Driver/Src/stm32l4xx_hal_uart.o
                0x0000000008005c8e                HAL_UART_Init
 .text.HAL_UART_Transmit
                0x0000000008005d2a      0x128 ./Drivers/STM32L4xx_HAL_Driver/Src/stm32l4xx_hal_uart.o
                0x0000000008005d2a                HAL_UART_Transmit
 *fill*         0x0000000008005e52        0x2 
 .text.UART_SetConfig
                0x0000000008005e54      0x514 ./Drivers/STM32L4xx_HAL_Driver/Src/stm32l4xx_hal_uart.o
                0x0000000008005e54                UART_SetConfig
 .text.UART_AdvFeatureConfig
                0x0000000008006368      0x144 ./Drivers/STM32L4xx_HAL_Driver/Src/stm32l4xx_hal_uart.o
                0x0000000008006368                UART_AdvFeatureConfig
 .text.UART_CheckIdleState
                0x00000000080064ac       0x92 ./Drivers/STM32L4xx_HAL_Driver/Src/stm32l4xx_hal_uart.o
                0x00000000080064ac                UART_CheckIdleState
 .text.UART_WaitOnFlagUntilTimeout
                0x000000000800653e      0x188 ./Drivers/STM32L4xx_HAL_Driver/Src/stm32l4xx_hal_uart.o
                0x000000000800653e                UART_WaitOnFlagUntilTimeout
 .text.USB_CoreInit
                0x00000000080066c6       0x58 ./Drivers/STM32L4xx_HAL_Driver/Src/stm32l4xx_ll_usb.o
                0x00000000080066c6                USB_CoreInit
 .text.USB_DisableGlobalInt
                0x000000000800671e       0x22 ./Drivers/STM32L4xx_HAL_Driver/Src/stm32l4xx_ll_usb.o
                0x000000000800671e                USB_DisableGlobalInt
 .text.USB_SetCurrentMode
                0x0000000008006740       0x98 ./Drivers/STM32L4xx_HAL_Driver/Src/stm32l4xx_ll_usb.o
                0x0000000008006740                USB_SetCurrentMode
 .text.USB_DevInit
                0x00000000080067d8      0x298 ./Drivers/STM32L4xx_HAL_Driver/Src/stm32l4xx_ll_usb.o
                0x00000000080067d8                USB_DevInit
 .text.USB_FlushTxFifo
                0x0000000008006a70       0x64 ./Drivers/STM32L4xx_HAL_Driver/Src/stm32l4xx_ll_usb.o
                0x0000000008006a70                USB_FlushTxFifo
 .text.USB_FlushRxFifo
                0x0000000008006ad4       0x5c ./Drivers/STM32L4xx_HAL_Driver/Src/stm32l4xx_ll_usb.o
                0x0000000008006ad4                USB_FlushRxFifo
 .text.USB_SetDevSpeed
                0x0000000008006b30       0x32 ./Drivers/STM32L4xx_HAL_Driver/Src/stm32l4xx_ll_usb.o
                0x0000000008006b30                USB_SetDevSpeed
 .text.USB_DevDisconnect
                0x0000000008006b62       0x42 ./Drivers/STM32L4xx_HAL_Driver/Src/stm32l4xx_ll_usb.o
                0x0000000008006b62                USB_DevDisconnect
 .text.USB_GetMode
                0x0000000008006ba4       0x1c ./Drivers/STM32L4xx_HAL_Driver/Src/stm32l4xx_ll_usb.o
                0x0000000008006ba4                USB_GetMode
 .text.USB_CoreReset
                0x0000000008006bc0       0x64 ./Drivers/STM32L4xx_HAL_Driver/Src/stm32l4xx_ll_usb.o
 .text.__libc_init_array
                0x0000000008006c24       0x48 c:/st/stm32cubeide_1.7.0/stm32cubeide/plugins/com.st.stm32cube.ide.mcu.externaltools.gnu-tools-for-stm32.9-2020-q2-update.win32_2.0.0.202105311346/tools/bin/../lib/gcc/arm-none-eabi/9.3.1/../../../../arm-none-eabi/lib/thumb/v7e-m+fp/hard\libc_nano.a(lib_a-init.o)
                0x0000000008006c24                __libc_init_array
 .text.memset   0x0000000008006c6c       0x10 c:/st/stm32cubeide_1.7.0/stm32cubeide/plugins/com.st.stm32cube.ide.mcu.externaltools.gnu-tools-for-stm32.9-2020-q2-update.win32_2.0.0.202105311346/tools/bin/../lib/gcc/arm-none-eabi/9.3.1/../../../../arm-none-eabi/lib/thumb/v7e-m+fp/hard\libc_nano.a(lib_a-memset.o)
                0x0000000008006c6c                memset
 *(.glue_7)
 .glue_7        0x0000000008006c7c        0x0 linker stubs
 *(.glue_7t)
 .glue_7t       0x0000000008006c7c        0x0 linker stubs
 *(.eh_frame)
 .eh_frame      0x0000000008006c7c        0x0 c:/st/stm32cubeide_1.7.0/stm32cubeide/plugins/com.st.stm32cube.ide.mcu.externaltools.gnu-tools-for-stm32.9-2020-q2-update.win32_2.0.0.202105311346/tools/bin/../lib/gcc/arm-none-eabi/9.3.1/thumb/v7e-m+fp/hard/crtbegin.o
 *(.init)
 .init          0x0000000008006c7c        0x4 c:/st/stm32cubeide_1.7.0/stm32cubeide/plugins/com.st.stm32cube.ide.mcu.externaltools.gnu-tools-for-stm32.9-2020-q2-update.win32_2.0.0.202105311346/tools/bin/../lib/gcc/arm-none-eabi/9.3.1/thumb/v7e-m+fp/hard/crti.o
                0x0000000008006c7c                _init
 .init          0x0000000008006c80        0x8 c:/st/stm32cubeide_1.7.0/stm32cubeide/plugins/com.st.stm32cube.ide.mcu.externaltools.gnu-tools-for-stm32.9-2020-q2-update.win32_2.0.0.202105311346/tools/bin/../lib/gcc/arm-none-eabi/9.3.1/thumb/v7e-m+fp/hard/crtn.o
 *(.fini)
 .fini          0x0000000008006c88        0x4 c:/st/stm32cubeide_1.7.0/stm32cubeide/plugins/com.st.stm32cube.ide.mcu.externaltools.gnu-tools-for-stm32.9-2020-q2-update.win32_2.0.0.202105311346/tools/bin/../lib/gcc/arm-none-eabi/9.3.1/thumb/v7e-m+fp/hard/crti.o
                0x0000000008006c88                _fini
 .fini          0x0000000008006c8c        0x8 c:/st/stm32cubeide_1.7.0/stm32cubeide/plugins/com.st.stm32cube.ide.mcu.externaltools.gnu-tools-for-stm32.9-2020-q2-update.win32_2.0.0.202105311346/tools/bin/../lib/gcc/arm-none-eabi/9.3.1/thumb/v7e-m+fp/hard/crtn.o
                0x0000000008006c94                . = ALIGN (0x4)
                0x0000000008006c94                _etext = .

.vfp11_veneer   0x0000000008006c94        0x0
 .vfp11_veneer  0x0000000008006c94        0x0 linker stubs

.v4_bx          0x0000000008006c94        0x0
 .v4_bx         0x0000000008006c94        0x0 linker stubs

.iplt           0x0000000008006c94        0x0
 .iplt          0x0000000008006c94        0x0 c:/st/stm32cubeide_1.7.0/stm32cubeide/plugins/com.st.stm32cube.ide.mcu.externaltools.gnu-tools-for-stm32.9-2020-q2-update.win32_2.0.0.202105311346/tools/bin/../lib/gcc/arm-none-eabi/9.3.1/thumb/v7e-m+fp/hard/crtbegin.o

.rodata         0x0000000008006c98       0xb8
                0x0000000008006c98                . = ALIGN (0x4)
 *(.rodata)
 .rodata        0x0000000008006c98        0x7 ./Core/Src/main.o
 *fill*         0x0000000008006c9f        0x1 
 .rodata        0x0000000008006ca0       0x18 ./Core/Src/printf.o
 *(.rodata*)
 .rodata.pow10.9354
                0x0000000008006cb8       0x50 ./Core/Src/printf.o
 .rodata.AHBPrescTable
                0x0000000008006d08       0x10 ./Core/Src/system_stm32l4xx.o
                0x0000000008006d08                AHBPrescTable
 .rodata.APBPrescTable
                0x0000000008006d18        0x8 ./Core/Src/system_stm32l4xx.o
                0x0000000008006d18                APBPrescTable
 .rodata.MSIRangeTable
                0x0000000008006d20       0x30 ./Core/Src/system_stm32l4xx.o
                0x0000000008006d20                MSIRangeTable
                0x0000000008006d50                . = ALIGN (0x4)

.ARM.extab      0x0000000008006d50        0x0
                0x0000000008006d50                . = ALIGN (0x4)
 *(.ARM.extab* .gnu.linkonce.armextab.*)
                0x0000000008006d50                . = ALIGN (0x4)

.ARM            0x0000000008006d50        0x8
                0x0000000008006d50                . = ALIGN (0x4)
                0x0000000008006d50                __exidx_start = .
 *(.ARM.exidx*)
 .ARM.exidx     0x0000000008006d50        0x8 c:/st/stm32cubeide_1.7.0/stm32cubeide/plugins/com.st.stm32cube.ide.mcu.externaltools.gnu-tools-for-stm32.9-2020-q2-update.win32_2.0.0.202105311346/tools/bin/../lib/gcc/arm-none-eabi/9.3.1/thumb/v7e-m+fp/hard\libgcc.a(_udivmoddi4.o)
                0x0000000008006d58                __exidx_end = .
                0x0000000008006d58                . = ALIGN (0x4)

.rel.dyn        0x0000000008006d58        0x0
 .rel.iplt      0x0000000008006d58        0x0 c:/st/stm32cubeide_1.7.0/stm32cubeide/plugins/com.st.stm32cube.ide.mcu.externaltools.gnu-tools-for-stm32.9-2020-q2-update.win32_2.0.0.202105311346/tools/bin/../lib/gcc/arm-none-eabi/9.3.1/thumb/v7e-m+fp/hard/crtbegin.o

.preinit_array  0x0000000008006d58        0x0
                0x0000000008006d58                . = ALIGN (0x4)
                0x0000000008006d58                PROVIDE (__preinit_array_start = .)
 *(.preinit_array*)
                0x0000000008006d58                PROVIDE (__preinit_array_end = .)
                0x0000000008006d58                . = ALIGN (0x4)

.init_array     0x0000000008006d58        0x4
                0x0000000008006d58                . = ALIGN (0x4)
                0x0000000008006d58                PROVIDE (__init_array_start = .)
 *(SORT_BY_NAME(.init_array.*))
 *(.init_array*)
 .init_array    0x0000000008006d58        0x4 c:/st/stm32cubeide_1.7.0/stm32cubeide/plugins/com.st.stm32cube.ide.mcu.externaltools.gnu-tools-for-stm32.9-2020-q2-update.win32_2.0.0.202105311346/tools/bin/../lib/gcc/arm-none-eabi/9.3.1/thumb/v7e-m+fp/hard/crtbegin.o
                0x0000000008006d5c                PROVIDE (__init_array_end = .)
                0x0000000008006d5c                . = ALIGN (0x4)

.fini_array     0x0000000008006d5c        0x4
                0x0000000008006d5c                . = ALIGN (0x4)
                [!provide]                        PROVIDE (__fini_array_start = .)
 *(SORT_BY_NAME(.fini_array.*))
 *(.fini_array*)
 .fini_array    0x0000000008006d5c        0x4 c:/st/stm32cubeide_1.7.0/stm32cubeide/plugins/com.st.stm32cube.ide.mcu.externaltools.gnu-tools-for-stm32.9-2020-q2-update.win32_2.0.0.202105311346/tools/bin/../lib/gcc/arm-none-eabi/9.3.1/thumb/v7e-m+fp/hard/crtbegin.o
                [!provide]                        PROVIDE (__fini_array_end = .)
                0x0000000008006d60                . = ALIGN (0x4)
                0x0000000008006d60                _sidata = LOADADDR (.data)

.data           0x0000000020000000        0xc load address 0x0000000008006d60
                0x0000000020000000                . = ALIGN (0x4)
                0x0000000020000000                _sdata = .
 *(.data)
 *(.data*)
 .data.SystemCoreClock
                0x0000000020000000        0x4 ./Core/Src/system_stm32l4xx.o
                0x0000000020000000                SystemCoreClock
 .data.uwTickPrio
                0x0000000020000004        0x4 ./Drivers/STM32L4xx_HAL_Driver/Src/stm32l4xx_hal.o
                0x0000000020000004                uwTickPrio
 .data.uwTickFreq
                0x0000000020000008        0x1 ./Drivers/STM32L4xx_HAL_Driver/Src/stm32l4xx_hal.o
                0x0000000020000008                uwTickFreq
 *(.RamFunc)
 *(.RamFunc*)
                0x000000002000000c                . = ALIGN (0x4)
 *fill*         0x0000000020000009        0x3 
                0x000000002000000c                _edata = .

.igot.plt       0x000000002000000c        0x0 load address 0x0000000008006d6c
 .igot.plt      0x000000002000000c        0x0 c:/st/stm32cubeide_1.7.0/stm32cubeide/plugins/com.st.stm32cube.ide.mcu.externaltools.gnu-tools-for-stm32.9-2020-q2-update.win32_2.0.0.202105311346/tools/bin/../lib/gcc/arm-none-eabi/9.3.1/thumb/v7e-m+fp/hard/crtbegin.o
                0x000000002000000c                . = ALIGN (0x4)

.bss            0x000000002000000c      0x708 load address 0x0000000008006d6c
                0x000000002000000c                _sbss = .
                0x000000002000000c                __bss_start__ = _sbss
 *(.bss)
 .bss           0x000000002000000c       0x1c c:/st/stm32cubeide_1.7.0/stm32cubeide/plugins/com.st.stm32cube.ide.mcu.externaltools.gnu-tools-for-stm32.9-2020-q2-update.win32_2.0.0.202105311346/tools/bin/../lib/gcc/arm-none-eabi/9.3.1/thumb/v7e-m+fp/hard/crtbegin.o
 *(.bss*)
 .bss.DFSDM1_Init
                0x0000000020000028        0x4 ./Core/Src/dfsdm.o
 .bss.v_dfsdm1ChannelCounter
                0x000000002000002c        0x4 ./Drivers/STM32L4xx_HAL_Driver/Src/stm32l4xx_hal_dfsdm.o
 .bss.a_dfsdm1ChannelHandle
                0x0000000020000030       0x20 ./Drivers/STM32L4xx_HAL_Driver/Src/stm32l4xx_hal_dfsdm.o
 *(COMMON)
 COMMON         0x0000000020000050       0x38 ./Core/Src/dfsdm.o
                0x0000000020000050                hdfsdm1_channel1
 COMMON         0x0000000020000088       0x4c ./Core/Src/i2c.o
                0x0000000020000088                hi2c2
 COMMON         0x00000000200000d4       0x44 ./Core/Src/quadspi.o
                0x00000000200000d4                hqspi
 COMMON         0x0000000020000118       0x64 ./Core/Src/spi.o
                0x0000000020000118                hspi3
 COMMON         0x000000002000017c      0x18c ./Core/Src/usart.o
                0x000000002000017c                huart3
                0x0000000020000200                huart1
                0x0000000020000284                huart4
 COMMON         0x0000000020000308      0x408 ./Core/Src/usb_otg.o
                0x0000000020000308                hpcd_USB_OTG_FS
 COMMON         0x0000000020000710        0x4 ./Drivers/STM32L4xx_HAL_Driver/Src/stm32l4xx_hal.o
                0x0000000020000710                uwTick
                0x0000000020000714                . = ALIGN (0x4)
                0x0000000020000714                _ebss = .
                0x0000000020000714                __bss_end__ = _ebss

._user_heap_stack
                0x0000000020000714      0x604 load address 0x0000000008006d6c
                0x0000000020000718                . = ALIGN (0x8)
 *fill*         0x0000000020000714        0x4 
                [!provide]                        PROVIDE (end = .)
                0x0000000020000718                PROVIDE (_end = .)
                0x0000000020000918                . = (. + _Min_Heap_Size)
 *fill*         0x0000000020000718      0x200 
                0x0000000020000d18                . = (. + _Min_Stack_Size)
 *fill*         0x0000000020000918      0x400 
                0x0000000020000d18                . = ALIGN (0x8)

/DISCARD/
 libc.a(*)
 libm.a(*)
 libgcc.a(*)

.ARM.attributes
                0x0000000000000000       0x30
 *(.ARM.attributes)
 .ARM.attributes
                0x0000000000000000       0x1e c:/st/stm32cubeide_1.7.0/stm32cubeide/plugins/com.st.stm32cube.ide.mcu.externaltools.gnu-tools-for-stm32.9-2020-q2-update.win32_2.0.0.202105311346/tools/bin/../lib/gcc/arm-none-eabi/9.3.1/thumb/v7e-m+fp/hard/crti.o
 .ARM.attributes
                0x000000000000001e       0x34 c:/st/stm32cubeide_1.7.0/stm32cubeide/plugins/com.st.stm32cube.ide.mcu.externaltools.gnu-tools-for-stm32.9-2020-q2-update.win32_2.0.0.202105311346/tools/bin/../lib/gcc/arm-none-eabi/9.3.1/thumb/v7e-m+fp/hard/crtbegin.o
 .ARM.attributes
                0x0000000000000052       0x34 ./Core/Src/dfsdm.o
 .ARM.attributes
                0x0000000000000086       0x34 ./Core/Src/gpio.o
 .ARM.attributes
                0x00000000000000ba       0x34 ./Core/Src/i2c.o
 .ARM.attributes
                0x00000000000000ee       0x34 ./Core/Src/main.o
 .ARM.attributes
                0x0000000000000122       0x34 ./Core/Src/printf.o
 .ARM.attributes
                0x0000000000000156       0x34 ./Core/Src/quadspi.o
 .ARM.attributes
                0x000000000000018a       0x34 ./Core/Src/spi.o
 .ARM.attributes
                0x00000000000001be       0x34 ./Core/Src/stm32l4xx_hal_msp.o
 .ARM.attributes
                0x00000000000001f2       0x34 ./Core/Src/stm32l4xx_it.o
 .ARM.attributes
                0x0000000000000226       0x34 ./Core/Src/system_stm32l4xx.o
 .ARM.attributes
                0x000000000000025a       0x34 ./Core/Src/usart.o
 .ARM.attributes
                0x000000000000028e       0x34 ./Core/Src/usb_otg.o
 .ARM.attributes
                0x00000000000002c2       0x21 ./Core/Startup/startup_stm32l475vgtx.o
 .ARM.attributes
                0x00000000000002e3       0x34 ./Drivers/STM32L4xx_HAL_Driver/Src/stm32l4xx_hal.o
 .ARM.attributes
                0x0000000000000317       0x34 ./Drivers/STM32L4xx_HAL_Driver/Src/stm32l4xx_hal_cortex.o
 .ARM.attributes
                0x000000000000034b       0x34 ./Drivers/STM32L4xx_HAL_Driver/Src/stm32l4xx_hal_dfsdm.o
 .ARM.attributes
                0x000000000000037f       0x34 ./Drivers/STM32L4xx_HAL_Driver/Src/stm32l4xx_hal_gpio.o
 .ARM.attributes
                0x00000000000003b3       0x34 ./Drivers/STM32L4xx_HAL_Driver/Src/stm32l4xx_hal_i2c.o
 .ARM.attributes
                0x00000000000003e7       0x34 ./Drivers/STM32L4xx_HAL_Driver/Src/stm32l4xx_hal_i2c_ex.o
 .ARM.attributes
                0x000000000000041b       0x34 ./Drivers/STM32L4xx_HAL_Driver/Src/stm32l4xx_hal_pcd.o
 .ARM.attributes
                0x000000000000044f       0x34 ./Drivers/STM32L4xx_HAL_Driver/Src/stm32l4xx_hal_pcd_ex.o
 .ARM.attributes
                0x0000000000000483       0x34 ./Drivers/STM32L4xx_HAL_Driver/Src/stm32l4xx_hal_pwr.o
 .ARM.attributes
                0x00000000000004b7       0x34 ./Drivers/STM32L4xx_HAL_Driver/Src/stm32l4xx_hal_pwr_ex.o
 .ARM.attributes
                0x00000000000004eb       0x34 ./Drivers/STM32L4xx_HAL_Driver/Src/stm32l4xx_hal_qspi.o
 .ARM.attributes
                0x000000000000051f       0x34 ./Drivers/STM32L4xx_HAL_Driver/Src/stm32l4xx_hal_rcc.o
 .ARM.attributes
                0x0000000000000553       0x34 ./Drivers/STM32L4xx_HAL_Driver/Src/stm32l4xx_hal_rcc_ex.o
 .ARM.attributes
                0x0000000000000587       0x34 ./Drivers/STM32L4xx_HAL_Driver/Src/stm32l4xx_hal_spi.o
 .ARM.attributes
                0x00000000000005bb       0x34 ./Drivers/STM32L4xx_HAL_Driver/Src/stm32l4xx_hal_uart.o
 .ARM.attributes
                0x00000000000005ef       0x34 ./Drivers/STM32L4xx_HAL_Driver/Src/stm32l4xx_ll_usb.o
 .ARM.attributes
                0x0000000000000623       0x34 c:/st/stm32cubeide_1.7.0/stm32cubeide/plugins/com.st.stm32cube.ide.mcu.externaltools.gnu-tools-for-stm32.9-2020-q2-update.win32_2.0.0.202105311346/tools/bin/../lib/gcc/arm-none-eabi/9.3.1/../../../../arm-none-eabi/lib/thumb/v7e-m+fp/hard\libc_nano.a(lib_a-init.o)
 .ARM.attributes
                0x0000000000000657       0x34 c:/st/stm32cubeide_1.7.0/stm32cubeide/plugins/com.st.stm32cube.ide.mcu.externaltools.gnu-tools-for-stm32.9-2020-q2-update.win32_2.0.0.202105311346/tools/bin/../lib/gcc/arm-none-eabi/9.3.1/../../../../arm-none-eabi/lib/thumb/v7e-m+fp/hard\libc_nano.a(lib_a-memset.o)
 .ARM.attributes
                0x000000000000068b       0x1e c:/st/stm32cubeide_1.7.0/stm32cubeide/plugins/com.st.stm32cube.ide.mcu.externaltools.gnu-tools-for-stm32.9-2020-q2-update.win32_2.0.0.202105311346/tools/bin/../lib/gcc/arm-none-eabi/9.3.1/thumb/v7e-m+fp/hard\libgcc.a(_arm_addsubdf3.o)
 .ARM.attributes
                0x00000000000006a9       0x1e c:/st/stm32cubeide_1.7.0/stm32cubeide/plugins/com.st.stm32cube.ide.mcu.externaltools.gnu-tools-for-stm32.9-2020-q2-update.win32_2.0.0.202105311346/tools/bin/../lib/gcc/arm-none-eabi/9.3.1/thumb/v7e-m+fp/hard\libgcc.a(_arm_muldivdf3.o)
 .ARM.attributes
                0x00000000000006c7       0x1e c:/st/stm32cubeide_1.7.0/stm32cubeide/plugins/com.st.stm32cube.ide.mcu.externaltools.gnu-tools-for-stm32.9-2020-q2-update.win32_2.0.0.202105311346/tools/bin/../lib/gcc/arm-none-eabi/9.3.1/thumb/v7e-m+fp/hard\libgcc.a(_arm_cmpdf2.o)
 .ARM.attributes
                0x00000000000006e5       0x1e c:/st/stm32cubeide_1.7.0/stm32cubeide/plugins/com.st.stm32cube.ide.mcu.externaltools.gnu-tools-for-stm32.9-2020-q2-update.win32_2.0.0.202105311346/tools/bin/../lib/gcc/arm-none-eabi/9.3.1/thumb/v7e-m+fp/hard\libgcc.a(_arm_fixdfsi.o)
 .ARM.attributes
                0x0000000000000703       0x1e c:/st/stm32cubeide_1.7.0/stm32cubeide/plugins/com.st.stm32cube.ide.mcu.externaltools.gnu-tools-for-stm32.9-2020-q2-update.win32_2.0.0.202105311346/tools/bin/../lib/gcc/arm-none-eabi/9.3.1/thumb/v7e-m+fp/hard\libgcc.a(_arm_fixunsdfsi.o)
 .ARM.attributes
                0x0000000000000721       0x1e c:/st/stm32cubeide_1.7.0/stm32cubeide/plugins/com.st.stm32cube.ide.mcu.externaltools.gnu-tools-for-stm32.9-2020-q2-update.win32_2.0.0.202105311346/tools/bin/../lib/gcc/arm-none-eabi/9.3.1/thumb/v7e-m+fp/hard\libgcc.a(_aeabi_uldivmod.o)
 .ARM.attributes
                0x000000000000073f       0x34 c:/st/stm32cubeide_1.7.0/stm32cubeide/plugins/com.st.stm32cube.ide.mcu.externaltools.gnu-tools-for-stm32.9-2020-q2-update.win32_2.0.0.202105311346/tools/bin/../lib/gcc/arm-none-eabi/9.3.1/thumb/v7e-m+fp/hard\libgcc.a(_udivmoddi4.o)
 .ARM.attributes
                0x0000000000000773       0x1e c:/st/stm32cubeide_1.7.0/stm32cubeide/plugins/com.st.stm32cube.ide.mcu.externaltools.gnu-tools-for-stm32.9-2020-q2-update.win32_2.0.0.202105311346/tools/bin/../lib/gcc/arm-none-eabi/9.3.1/thumb/v7e-m+fp/hard\libgcc.a(_dvmd_tls.o)
 .ARM.attributes
                0x0000000000000791       0x1e c:/st/stm32cubeide_1.7.0/stm32cubeide/plugins/com.st.stm32cube.ide.mcu.externaltools.gnu-tools-for-stm32.9-2020-q2-update.win32_2.0.0.202105311346/tools/bin/../lib/gcc/arm-none-eabi/9.3.1/thumb/v7e-m+fp/hard/crtn.o
OUTPUT(STM32L475VGTX.elf elf32-littlearm)
LOAD linker stubs
LOAD c:/st/stm32cubeide_1.7.0/stm32cubeide/plugins/com.st.stm32cube.ide.mcu.externaltools.gnu-tools-for-stm32.9-2020-q2-update.win32_2.0.0.202105311346/tools/bin/../lib/gcc/arm-none-eabi/9.3.1/../../../../arm-none-eabi/lib/thumb/v7e-m+fp/hard\libc.a
LOAD c:/st/stm32cubeide_1.7.0/stm32cubeide/plugins/com.st.stm32cube.ide.mcu.externaltools.gnu-tools-for-stm32.9-2020-q2-update.win32_2.0.0.202105311346/tools/bin/../lib/gcc/arm-none-eabi/9.3.1/../../../../arm-none-eabi/lib/thumb/v7e-m+fp/hard\libm.a
LOAD c:/st/stm32cubeide_1.7.0/stm32cubeide/plugins/com.st.stm32cube.ide.mcu.externaltools.gnu-tools-for-stm32.9-2020-q2-update.win32_2.0.0.202105311346/tools/bin/../lib/gcc/arm-none-eabi/9.3.1/thumb/v7e-m+fp/hard\libgcc.a

.debug_info     0x0000000000000000    0x1ee42
 .debug_info    0x0000000000000000      0xb8c ./Core/Src/dfsdm.o
 .debug_info    0x0000000000000b8c      0x921 ./Core/Src/gpio.o
 .debug_info    0x00000000000014ad      0xe4b ./Core/Src/i2c.o
 .debug_info    0x00000000000022f8     0x2487 ./Core/Src/main.o
 .debug_info    0x000000000000477f     0x1051 ./Core/Src/printf.o
 .debug_info    0x00000000000057d0      0xb8b ./Core/Src/quadspi.o
 .debug_info    0x000000000000635b      0xbd0 ./Core/Src/spi.o
 .debug_info    0x0000000000006f2b      0x545 ./Core/Src/stm32l4xx_hal_msp.o
 .debug_info    0x0000000000007470      0x3af ./Core/Src/stm32l4xx_it.o
 .debug_info    0x000000000000781f      0x772 ./Core/Src/system_stm32l4xx.o
 .debug_info    0x0000000000007f91      0xf96 ./Core/Src/usart.o
 .debug_info    0x0000000000008f27      0xe73 ./Core/Src/usb_otg.o
 .debug_info    0x0000000000009d9a       0x22 ./Core/Startup/startup_stm32l475vgtx.o
 .debug_info    0x0000000000009dbc      0xcb3 ./Drivers/STM32L4xx_HAL_Driver/Src/stm32l4xx_hal.o
 .debug_info    0x000000000000aa6f     0x1028 ./Drivers/STM32L4xx_HAL_Driver/Src/stm32l4xx_hal_cortex.o
 .debug_info    0x000000000000ba97     0x1d4a ./Drivers/STM32L4xx_HAL_Driver/Src/stm32l4xx_hal_dfsdm.o
 .debug_info    0x000000000000d7e1      0xa5e ./Drivers/STM32L4xx_HAL_Driver/Src/stm32l4xx_hal_gpio.o
 .debug_info    0x000000000000e23f     0x236d ./Drivers/STM32L4xx_HAL_Driver/Src/stm32l4xx_hal_i2c.o
 .debug_info    0x00000000000105ac      0xc29 ./Drivers/STM32L4xx_HAL_Driver/Src/stm32l4xx_hal_i2c_ex.o
 .debug_info    0x00000000000111d5     0x143f ./Drivers/STM32L4xx_HAL_Driver/Src/stm32l4xx_hal_pcd.o
 .debug_info    0x0000000000012614      0xa9d ./Drivers/STM32L4xx_HAL_Driver/Src/stm32l4xx_hal_pcd_ex.o
 .debug_info    0x00000000000130b1      0xb39 ./Drivers/STM32L4xx_HAL_Driver/Src/stm32l4xx_hal_pwr.o
 .debug_info    0x0000000000013bea      0xbda ./Drivers/STM32L4xx_HAL_Driver/Src/stm32l4xx_hal_pwr_ex.o
 .debug_info    0x00000000000147c4     0x13ec ./Drivers/STM32L4xx_HAL_Driver/Src/stm32l4xx_hal_qspi.o
 .debug_info    0x0000000000015bb0      0xe37 ./Drivers/STM32L4xx_HAL_Driver/Src/stm32l4xx_hal_rcc.o
 .debug_info    0x00000000000169e7     0x103f ./Drivers/STM32L4xx_HAL_Driver/Src/stm32l4xx_hal_rcc_ex.o
 .debug_info    0x0000000000017a26     0x1913 ./Drivers/STM32L4xx_HAL_Driver/Src/stm32l4xx_hal_spi.o
 .debug_info    0x0000000000019339     0x3e4b ./Drivers/STM32L4xx_HAL_Driver/Src/stm32l4xx_hal_uart.o
 .debug_info    0x000000000001d184     0x1cbe ./Drivers/STM32L4xx_HAL_Driver/Src/stm32l4xx_ll_usb.o

.debug_abbrev   0x0000000000000000     0x397d
 .debug_abbrev  0x0000000000000000      0x193 ./Core/Src/dfsdm.o
 .debug_abbrev  0x0000000000000193      0x157 ./Core/Src/gpio.o
 .debug_abbrev  0x00000000000002ea      0x1c6 ./Core/Src/i2c.o
 .debug_abbrev  0x00000000000004b0      0x273 ./Core/Src/main.o
 .debug_abbrev  0x0000000000000723      0x288 ./Core/Src/printf.o
 .debug_abbrev  0x00000000000009ab      0x1bb ./Core/Src/quadspi.o
 .debug_abbrev  0x0000000000000b66      0x1bb ./Core/Src/spi.o
 .debug_abbrev  0x0000000000000d21      0x13d ./Core/Src/stm32l4xx_hal_msp.o
 .debug_abbrev  0x0000000000000e5e       0xf2 ./Core/Src/stm32l4xx_it.o
 .debug_abbrev  0x0000000000000f50      0x165 ./Core/Src/system_stm32l4xx.o
 .debug_abbrev  0x00000000000010b5      0x1bb ./Core/Src/usart.o
 .debug_abbrev  0x0000000000001270      0x1da ./Core/Src/usb_otg.o
 .debug_abbrev  0x000000000000144a       0x12 ./Core/Startup/startup_stm32l475vgtx.o
 .debug_abbrev  0x000000000000145c      0x227 ./Drivers/STM32L4xx_HAL_Driver/Src/stm32l4xx_hal.o
 .debug_abbrev  0x0000000000001683      0x33c ./Drivers/STM32L4xx_HAL_Driver/Src/stm32l4xx_hal_cortex.o
 .debug_abbrev  0x00000000000019bf      0x267 ./Drivers/STM32L4xx_HAL_Driver/Src/stm32l4xx_hal_dfsdm.o
 .debug_abbrev  0x0000000000001c26      0x1e8 ./Drivers/STM32L4xx_HAL_Driver/Src/stm32l4xx_hal_gpio.o
 .debug_abbrev  0x0000000000001e0e      0x256 ./Drivers/STM32L4xx_HAL_Driver/Src/stm32l4xx_hal_i2c.o
 .debug_abbrev  0x0000000000002064      0x1dd ./Drivers/STM32L4xx_HAL_Driver/Src/stm32l4xx_hal_i2c_ex.o
 .debug_abbrev  0x0000000000002241      0x282 ./Drivers/STM32L4xx_HAL_Driver/Src/stm32l4xx_hal_pcd.o
 .debug_abbrev  0x00000000000024c3      0x246 ./Drivers/STM32L4xx_HAL_Driver/Src/stm32l4xx_hal_pcd_ex.o
 .debug_abbrev  0x0000000000002709      0x1ab ./Drivers/STM32L4xx_HAL_Driver/Src/stm32l4xx_hal_pwr.o
 .debug_abbrev  0x00000000000028b4      0x1f3 ./Drivers/STM32L4xx_HAL_Driver/Src/stm32l4xx_hal_pwr_ex.o
 .debug_abbrev  0x0000000000002aa7      0x24b ./Drivers/STM32L4xx_HAL_Driver/Src/stm32l4xx_hal_qspi.o
 .debug_abbrev  0x0000000000002cf2      0x275 ./Drivers/STM32L4xx_HAL_Driver/Src/stm32l4xx_hal_rcc.o
 .debug_abbrev  0x0000000000002f67      0x268 ./Drivers/STM32L4xx_HAL_Driver/Src/stm32l4xx_hal_rcc_ex.o
 .debug_abbrev  0x00000000000031cf      0x254 ./Drivers/STM32L4xx_HAL_Driver/Src/stm32l4xx_hal_spi.o
 .debug_abbrev  0x0000000000003423      0x2b3 ./Drivers/STM32L4xx_HAL_Driver/Src/stm32l4xx_hal_uart.o
 .debug_abbrev  0x00000000000036d6      0x2a7 ./Drivers/STM32L4xx_HAL_Driver/Src/stm32l4xx_ll_usb.o

.debug_aranges  0x0000000000000000     0x16b0
 .debug_aranges
                0x0000000000000000       0x30 ./Core/Src/dfsdm.o
 .debug_aranges
                0x0000000000000030       0x20 ./Core/Src/gpio.o
 .debug_aranges
                0x0000000000000050       0x30 ./Core/Src/i2c.o
 .debug_aranges
                0x0000000000000080       0x38 ./Core/Src/main.o
 .debug_aranges
                0x00000000000000b8       0xb8 ./Core/Src/printf.o
 .debug_aranges
                0x0000000000000170       0x30 ./Core/Src/quadspi.o
 .debug_aranges
                0x00000000000001a0       0x30 ./Core/Src/spi.o
 .debug_aranges
                0x00000000000001d0       0x20 ./Core/Src/stm32l4xx_hal_msp.o
 .debug_aranges
                0x00000000000001f0       0x70 ./Core/Src/stm32l4xx_it.o
 .debug_aranges
                0x0000000000000260       0x28 ./Core/Src/system_stm32l4xx.o
 .debug_aranges
                0x0000000000000288       0x40 ./Core/Src/usart.o
 .debug_aranges
                0x00000000000002c8       0x30 ./Core/Src/usb_otg.o
 .debug_aranges
                0x00000000000002f8       0x28 ./Core/Startup/startup_stm32l475vgtx.o
 .debug_aranges
                0x0000000000000320      0x130 ./Drivers/STM32L4xx_HAL_Driver/Src/stm32l4xx_hal.o
 .debug_aranges
                0x0000000000000450      0x118 ./Drivers/STM32L4xx_HAL_Driver/Src/stm32l4xx_hal_cortex.o
 .debug_aranges
                0x0000000000000568      0x248 ./Drivers/STM32L4xx_HAL_Driver/Src/stm32l4xx_hal_dfsdm.o
 .debug_aranges
                0x00000000000007b0       0x58 ./Drivers/STM32L4xx_HAL_Driver/Src/stm32l4xx_hal_gpio.o
 .debug_aranges
                0x0000000000000808      0x290 ./Drivers/STM32L4xx_HAL_Driver/Src/stm32l4xx_hal_i2c.o
 .debug_aranges
                0x0000000000000a98       0x48 ./Drivers/STM32L4xx_HAL_Driver/Src/stm32l4xx_hal_i2c_ex.o
 .debug_aranges
                0x0000000000000ae0      0x138 ./Drivers/STM32L4xx_HAL_Driver/Src/stm32l4xx_hal_pcd.o
 .debug_aranges
                0x0000000000000c18       0x60 ./Drivers/STM32L4xx_HAL_Driver/Src/stm32l4xx_hal_pcd_ex.o
 .debug_aranges
                0x0000000000000c78       0x98 ./Drivers/STM32L4xx_HAL_Driver/Src/stm32l4xx_hal_pwr.o
 .debug_aranges
                0x0000000000000d10      0x150 ./Drivers/STM32L4xx_HAL_Driver/Src/stm32l4xx_hal_pwr_ex.o
 .debug_aranges
                0x0000000000000e60      0x160 ./Drivers/STM32L4xx_HAL_Driver/Src/stm32l4xx_hal_qspi.o
 .debug_aranges
                0x0000000000000fc0       0x90 ./Drivers/STM32L4xx_HAL_Driver/Src/stm32l4xx_hal_rcc.o
 .debug_aranges
                0x0000000000001050       0xc0 ./Drivers/STM32L4xx_HAL_Driver/Src/stm32l4xx_hal_rcc_ex.o
 .debug_aranges
                0x0000000000001110      0x1d8 ./Drivers/STM32L4xx_HAL_Driver/Src/stm32l4xx_hal_spi.o
 .debug_aranges
                0x00000000000012e8      0x228 ./Drivers/STM32L4xx_HAL_Driver/Src/stm32l4xx_hal_uart.o
 .debug_aranges
                0x0000000000001510      0x1a0 ./Drivers/STM32L4xx_HAL_Driver/Src/stm32l4xx_ll_usb.o

.debug_ranges   0x0000000000000000     0x1518
 .debug_ranges  0x0000000000000000       0x20 ./Core/Src/dfsdm.o
 .debug_ranges  0x0000000000000020       0x10 ./Core/Src/gpio.o
 .debug_ranges  0x0000000000000030       0x20 ./Core/Src/i2c.o
 .debug_ranges  0x0000000000000050       0x28 ./Core/Src/main.o
 .debug_ranges  0x0000000000000078       0xa8 ./Core/Src/printf.o
 .debug_ranges  0x0000000000000120       0x20 ./Core/Src/quadspi.o
 .debug_ranges  0x0000000000000140       0x20 ./Core/Src/spi.o
 .debug_ranges  0x0000000000000160       0x10 ./Core/Src/stm32l4xx_hal_msp.o
 .debug_ranges  0x0000000000000170       0x60 ./Core/Src/stm32l4xx_it.o
 .debug_ranges  0x00000000000001d0       0x18 ./Core/Src/system_stm32l4xx.o
 .debug_ranges  0x00000000000001e8       0x30 ./Core/Src/usart.o
 .debug_ranges  0x0000000000000218       0x20 ./Core/Src/usb_otg.o
 .debug_ranges  0x0000000000000238       0x20 ./Core/Startup/startup_stm32l475vgtx.o
 .debug_ranges  0x0000000000000258      0x120 ./Drivers/STM32L4xx_HAL_Driver/Src/stm32l4xx_hal.o
 .debug_ranges  0x0000000000000378      0x108 ./Drivers/STM32L4xx_HAL_Driver/Src/stm32l4xx_hal_cortex.o
 .debug_ranges  0x0000000000000480      0x238 ./Drivers/STM32L4xx_HAL_Driver/Src/stm32l4xx_hal_dfsdm.o
 .debug_ranges  0x00000000000006b8       0x48 ./Drivers/STM32L4xx_HAL_Driver/Src/stm32l4xx_hal_gpio.o
 .debug_ranges  0x0000000000000700      0x280 ./Drivers/STM32L4xx_HAL_Driver/Src/stm32l4xx_hal_i2c.o
 .debug_ranges  0x0000000000000980       0x38 ./Drivers/STM32L4xx_HAL_Driver/Src/stm32l4xx_hal_i2c_ex.o
 .debug_ranges  0x00000000000009b8      0x128 ./Drivers/STM32L4xx_HAL_Driver/Src/stm32l4xx_hal_pcd.o
 .debug_ranges  0x0000000000000ae0       0x50 ./Drivers/STM32L4xx_HAL_Driver/Src/stm32l4xx_hal_pcd_ex.o
 .debug_ranges  0x0000000000000b30       0x88 ./Drivers/STM32L4xx_HAL_Driver/Src/stm32l4xx_hal_pwr.o
 .debug_ranges  0x0000000000000bb8      0x140 ./Drivers/STM32L4xx_HAL_Driver/Src/stm32l4xx_hal_pwr_ex.o
 .debug_ranges  0x0000000000000cf8      0x150 ./Drivers/STM32L4xx_HAL_Driver/Src/stm32l4xx_hal_qspi.o
 .debug_ranges  0x0000000000000e48       0x80 ./Drivers/STM32L4xx_HAL_Driver/Src/stm32l4xx_hal_rcc.o
 .debug_ranges  0x0000000000000ec8       0xb0 ./Drivers/STM32L4xx_HAL_Driver/Src/stm32l4xx_hal_rcc_ex.o
 .debug_ranges  0x0000000000000f78      0x1c8 ./Drivers/STM32L4xx_HAL_Driver/Src/stm32l4xx_hal_spi.o
 .debug_ranges  0x0000000000001140      0x248 ./Drivers/STM32L4xx_HAL_Driver/Src/stm32l4xx_hal_uart.o
 .debug_ranges  0x0000000000001388      0x190 ./Drivers/STM32L4xx_HAL_Driver/Src/stm32l4xx_ll_usb.o

.debug_macro    0x0000000000000000    0x292f9
 .debug_macro   0x0000000000000000      0x22b ./Core/Src/dfsdm.o
 .debug_macro   0x000000000000022b      0xaa8 ./Core/Src/dfsdm.o
 .debug_macro   0x0000000000000cd3      0x1bf ./Core/Src/dfsdm.o
 .debug_macro   0x0000000000000e92       0x2e ./Core/Src/dfsdm.o
 .debug_macro   0x0000000000000ec0       0x28 ./Core/Src/dfsdm.o
 .debug_macro   0x0000000000000ee8       0x22 ./Core/Src/dfsdm.o
 .debug_macro   0x0000000000000f0a       0x8e ./Core/Src/dfsdm.o
 .debug_macro   0x0000000000000f98       0x51 ./Core/Src/dfsdm.o
 .debug_macro   0x0000000000000fe9      0x103 ./Core/Src/dfsdm.o
 .debug_macro   0x00000000000010ec       0x6a ./Core/Src/dfsdm.o
 .debug_macro   0x0000000000001156      0x1df ./Core/Src/dfsdm.o
 .debug_macro   0x0000000000001335       0x1c ./Core/Src/dfsdm.o
 .debug_macro   0x0000000000001351       0x22 ./Core/Src/dfsdm.o
 .debug_macro   0x0000000000001373      0x101 ./Core/Src/dfsdm.o
 .debug_macro   0x0000000000001474     0x1011 ./Core/Src/dfsdm.o
 .debug_macro   0x0000000000002485      0x11f ./Core/Src/dfsdm.o
 .debug_macro   0x00000000000025a4    0x19dc5 ./Core/Src/dfsdm.o
 .debug_macro   0x000000000001c369       0x6d ./Core/Src/dfsdm.o
 .debug_macro   0x000000000001c3d6     0x38e2 ./Core/Src/dfsdm.o
 .debug_macro   0x000000000001fcb8      0x174 ./Core/Src/dfsdm.o
 .debug_macro   0x000000000001fe2c       0x5c ./Core/Src/dfsdm.o
 .debug_macro   0x000000000001fe88     0x1558 ./Core/Src/dfsdm.o
 .debug_macro   0x00000000000213e0      0x5a5 ./Core/Src/dfsdm.o
 .debug_macro   0x0000000000021985      0x1b9 ./Core/Src/dfsdm.o
 .debug_macro   0x0000000000021b3e      0x17d ./Core/Src/dfsdm.o
 .debug_macro   0x0000000000021cbb      0x26b ./Core/Src/dfsdm.o
 .debug_macro   0x0000000000021f26      0x29c ./Core/Src/dfsdm.o
 .debug_macro   0x00000000000221c2      0x23d ./Core/Src/dfsdm.o
 .debug_macro   0x00000000000223ff      0x241 ./Core/Src/dfsdm.o
 .debug_macro   0x0000000000022640      0x37c ./Core/Src/dfsdm.o
 .debug_macro   0x00000000000229bc       0xd6 ./Core/Src/dfsdm.o
 .debug_macro   0x0000000000022a92      0x22c ./Core/Src/dfsdm.o
 .debug_macro   0x0000000000022cbe       0x61 ./Core/Src/dfsdm.o
 .debug_macro   0x0000000000022d1f       0xa5 ./Core/Src/dfsdm.o
 .debug_macro   0x0000000000022dc4      0x1ed ./Core/Src/dfsdm.o
 .debug_macro   0x0000000000022fb1       0x97 ./Core/Src/dfsdm.o
 .debug_macro   0x0000000000023048      0x122 ./Core/Src/dfsdm.o
 .debug_macro   0x000000000002316a      0x3e8 ./Core/Src/dfsdm.o
 .debug_macro   0x0000000000023552      0x2a3 ./Core/Src/dfsdm.o
 .debug_macro   0x00000000000237f5      0x2fe ./Core/Src/dfsdm.o
 .debug_macro   0x0000000000023af3      0x5ba ./Core/Src/dfsdm.o
 .debug_macro   0x00000000000240ad       0x44 ./Core/Src/dfsdm.o
 .debug_macro   0x00000000000240f1      0x330 ./Core/Src/dfsdm.o
 .debug_macro   0x0000000000024421      0x444 ./Core/Src/dfsdm.o
 .debug_macro   0x0000000000024865      0x22b ./Core/Src/gpio.o
 .debug_macro   0x0000000000024a90      0x22b ./Core/Src/i2c.o
 .debug_macro   0x0000000000024cbb      0x3d7 ./Core/Src/main.o
 .debug_macro   0x0000000000025092       0x58 ./Core/Src/main.o
 .debug_macro   0x00000000000250ea       0x22 ./Core/Src/main.o
 .debug_macro   0x000000000002510c       0x52 ./Core/Src/main.o
 .debug_macro   0x000000000002515e       0x18 ./Core/Src/main.o
 .debug_macro   0x0000000000025176       0x3c ./Core/Src/main.o
 .debug_macro   0x00000000000251b2       0x34 ./Core/Src/main.o
 .debug_macro   0x00000000000251e6       0x16 ./Core/Src/main.o
 .debug_macro   0x00000000000251fc       0x35 ./Core/Src/main.o
 .debug_macro   0x0000000000025231      0x333 ./Core/Src/main.o
 .debug_macro   0x0000000000025564       0x16 ./Core/Src/main.o
 .debug_macro   0x000000000002557a       0x43 ./Core/Src/main.o
 .debug_macro   0x00000000000255bd       0x34 ./Core/Src/main.o
 .debug_macro   0x00000000000255f1       0x10 ./Core/Src/main.o
 .debug_macro   0x0000000000025601       0x58 ./Core/Src/main.o
 .debug_macro   0x0000000000025659       0x71 ./Core/Src/main.o
 .debug_macro   0x00000000000256ca       0x1c ./Core/Src/main.o
 .debug_macro   0x00000000000256e6      0x12a ./Core/Src/main.o
 .debug_macro   0x0000000000025810       0x10 ./Core/Src/main.o
 .debug_macro   0x0000000000025820       0x1c ./Core/Src/main.o
 .debug_macro   0x000000000002583c       0x52 ./Core/Src/main.o
 .debug_macro   0x000000000002588e       0x22 ./Core/Src/main.o
 .debug_macro   0x00000000000258b0       0x10 ./Core/Src/main.o
 .debug_macro   0x00000000000258c0       0x40 ./Core/Src/main.o
 .debug_macro   0x0000000000025900       0xd5 ./Core/Src/main.o
 .debug_macro   0x00000000000259d5       0x1c ./Core/Src/main.o
 .debug_macro   0x00000000000259f1       0x3d ./Core/Src/main.o
 .debug_macro   0x0000000000025a2e       0x16 ./Core/Src/main.o
 .debug_macro   0x0000000000025a44      0x145 ./Core/Src/main.o
 .debug_macro   0x0000000000025b89      0x2c7 ./Core/Src/printf.o
 .debug_macro   0x0000000000025e50       0x22 ./Core/Src/printf.o
 .debug_macro   0x0000000000025e72      0x201 ./Core/Src/printf.o
 .debug_macro   0x0000000000026073      0x22b ./Core/Src/quadspi.o
 .debug_macro   0x000000000002629e      0x22b ./Core/Src/spi.o
 .debug_macro   0x00000000000264c9      0x221 ./Core/Src/stm32l4xx_hal_msp.o
 .debug_macro   0x00000000000266ea      0x22b ./Core/Src/stm32l4xx_it.o
 .debug_macro   0x0000000000026915      0x212 ./Core/Src/system_stm32l4xx.o
 .debug_macro   0x0000000000026b27      0x22b ./Core/Src/usart.o
 .debug_macro   0x0000000000026d52      0x22b ./Core/Src/usb_otg.o
 .debug_macro   0x0000000000026f7d      0x260 ./Drivers/STM32L4xx_HAL_Driver/Src/stm32l4xx_hal.o
 .debug_macro   0x00000000000271dd      0x212 ./Drivers/STM32L4xx_HAL_Driver/Src/stm32l4xx_hal_cortex.o
 .debug_macro   0x00000000000273ef      0x236 ./Drivers/STM32L4xx_HAL_Driver/Src/stm32l4xx_hal_dfsdm.o
 .debug_macro   0x0000000000027625      0x219 ./Drivers/STM32L4xx_HAL_Driver/Src/stm32l4xx_hal_gpio.o
 .debug_macro   0x000000000002783e      0x2de ./Drivers/STM32L4xx_HAL_Driver/Src/stm32l4xx_hal_i2c.o
 .debug_macro   0x0000000000027b1c      0x212 ./Drivers/STM32L4xx_HAL_Driver/Src/stm32l4xx_hal_i2c_ex.o
 .debug_macro   0x0000000000027d2e      0x21e ./Drivers/STM32L4xx_HAL_Driver/Src/stm32l4xx_hal_pcd.o
 .debug_macro   0x0000000000027f4c      0x212 ./Drivers/STM32L4xx_HAL_Driver/Src/stm32l4xx_hal_pcd_ex.o
 .debug_macro   0x000000000002815e      0x22a ./Drivers/STM32L4xx_HAL_Driver/Src/stm32l4xx_hal_pwr.o
 .debug_macro   0x0000000000028388      0x236 ./Drivers/STM32L4xx_HAL_Driver/Src/stm32l4xx_hal_pwr_ex.o
 .debug_macro   0x00000000000285be      0x236 ./Drivers/STM32L4xx_HAL_Driver/Src/stm32l4xx_hal_qspi.o
 .debug_macro   0x00000000000287f4      0x254 ./Drivers/STM32L4xx_HAL_Driver/Src/stm32l4xx_hal_rcc.o
 .debug_macro   0x0000000000028a48      0x248 ./Drivers/STM32L4xx_HAL_Driver/Src/stm32l4xx_hal_rcc_ex.o
 .debug_macro   0x0000000000028c90      0x21a ./Drivers/STM32L4xx_HAL_Driver/Src/stm32l4xx_hal_spi.o
 .debug_macro   0x0000000000028eaa      0x23d ./Drivers/STM32L4xx_HAL_Driver/Src/stm32l4xx_hal_uart.o
 .debug_macro   0x00000000000290e7      0x212 ./Drivers/STM32L4xx_HAL_Driver/Src/stm32l4xx_ll_usb.o

.debug_line     0x0000000000000000    0x1c727
 .debug_line    0x0000000000000000      0x800 ./Core/Src/dfsdm.o
 .debug_line    0x0000000000000800      0x860 ./Core/Src/gpio.o
 .debug_line    0x0000000000001060      0x801 ./Core/Src/i2c.o
 .debug_line    0x0000000000001861      0xa74 ./Core/Src/main.o
 .debug_line    0x00000000000022d5     0x1317 ./Core/Src/printf.o
 .debug_line    0x00000000000035ec      0x7df ./Core/Src/quadspi.o
 .debug_line    0x0000000000003dcb      0x7e9 ./Core/Src/spi.o
 .debug_line    0x00000000000045b4      0x771 ./Core/Src/stm32l4xx_hal_msp.o
 .debug_line    0x0000000000004d25      0x86a ./Core/Src/stm32l4xx_it.o
 .debug_line    0x000000000000558f      0x806 ./Core/Src/system_stm32l4xx.o
 .debug_line    0x0000000000005d95      0x8ee ./Core/Src/usart.o
 .debug_line    0x0000000000006683      0x833 ./Core/Src/usb_otg.o
 .debug_line    0x0000000000006eb6       0x88 ./Core/Startup/startup_stm32l475vgtx.o
 .debug_line    0x0000000000006f3e      0xb60 ./Drivers/STM32L4xx_HAL_Driver/Src/stm32l4xx_hal.o
 .debug_line    0x0000000000007a9e      0xd07 ./Drivers/STM32L4xx_HAL_Driver/Src/stm32l4xx_hal_cortex.o
 .debug_line    0x00000000000087a5     0x1ed8 ./Drivers/STM32L4xx_HAL_Driver/Src/stm32l4xx_hal_dfsdm.o
 .debug_line    0x000000000000a67d      0xbd4 ./Drivers/STM32L4xx_HAL_Driver/Src/stm32l4xx_hal_gpio.o
 .debug_line    0x000000000000b251     0x33f8 ./Drivers/STM32L4xx_HAL_Driver/Src/stm32l4xx_hal_i2c.o
 .debug_line    0x000000000000e649      0x98e ./Drivers/STM32L4xx_HAL_Driver/Src/stm32l4xx_hal_i2c_ex.o
 .debug_line    0x000000000000efd7     0x1286 ./Drivers/STM32L4xx_HAL_Driver/Src/stm32l4xx_hal_pcd.o
 .debug_line    0x000000000001025d      0x94c ./Drivers/STM32L4xx_HAL_Driver/Src/stm32l4xx_hal_pcd_ex.o
 .debug_line    0x0000000000010ba9      0x93d ./Drivers/STM32L4xx_HAL_Driver/Src/stm32l4xx_hal_pwr.o
 .debug_line    0x00000000000114e6      0xd1c ./Drivers/STM32L4xx_HAL_Driver/Src/stm32l4xx_hal_pwr_ex.o
 .debug_line    0x0000000000012202     0x1451 ./Drivers/STM32L4xx_HAL_Driver/Src/stm32l4xx_hal_qspi.o
 .debug_line    0x0000000000013653      0xfc6 ./Drivers/STM32L4xx_HAL_Driver/Src/stm32l4xx_hal_rcc.o
 .debug_line    0x0000000000014619     0x1519 ./Drivers/STM32L4xx_HAL_Driver/Src/stm32l4xx_hal_rcc_ex.o
 .debug_line    0x0000000000015b32     0x1f9a ./Drivers/STM32L4xx_HAL_Driver/Src/stm32l4xx_hal_spi.o
 .debug_line    0x0000000000017acc     0x32dd ./Drivers/STM32L4xx_HAL_Driver/Src/stm32l4xx_hal_uart.o
 .debug_line    0x000000000001ada9     0x197e ./Drivers/STM32L4xx_HAL_Driver/Src/stm32l4xx_ll_usb.o

.debug_str      0x0000000000000000    0xf450e
 .debug_str     0x0000000000000000    0xe8e4e ./Core/Src/dfsdm.o
                                      0xe91c3 (size before relaxing)
 .debug_str     0x00000000000e8e4e      0x462 ./Core/Src/gpio.o
                                      0xe915f (size before relaxing)
 .debug_str     0x00000000000e92b0      0x409 ./Core/Src/i2c.o
                                      0xe93a5 (size before relaxing)
 .debug_str     0x00000000000e96b9     0x4b8a ./Core/Src/main.o
                                      0xedf61 (size before relaxing)
 .debug_str     0x00000000000ee243      0x992 ./Core/Src/printf.o
                                      0xe96dc (size before relaxing)
 .debug_str     0x00000000000eebd5       0x55 ./Core/Src/quadspi.o
                                      0xe9059 (size before relaxing)
 .debug_str     0x00000000000eec2a       0x41 ./Core/Src/spi.o
                                      0xe904d (size before relaxing)
 .debug_str     0x00000000000eec6b       0x2c ./Core/Src/stm32l4xx_hal_msp.o
                                      0xe8be5 (size before relaxing)
 .debug_str     0x00000000000eec97       0xe5 ./Core/Src/stm32l4xx_it.o
                                      0xe8b62 (size before relaxing)
 .debug_str     0x00000000000eed7c       0xb8 ./Core/Src/system_stm32l4xx.o
                                      0xe78e2 (size before relaxing)
 .debug_str     0x00000000000eee34       0x79 ./Core/Src/usart.o
                                      0xe9338 (size before relaxing)
 .debug_str     0x00000000000eeead       0x59 ./Core/Src/usb_otg.o
                                      0xe9313 (size before relaxing)
 .debug_str     0x00000000000eef06       0x36 ./Core/Startup/startup_stm32l475vgtx.o
                                         0x5d (size before relaxing)
 .debug_str     0x00000000000eef3c      0x598 ./Drivers/STM32L4xx_HAL_Driver/Src/stm32l4xx_hal.o
                                      0xe83d8 (size before relaxing)
 .debug_str     0x00000000000ef4d4      0x389 ./Drivers/STM32L4xx_HAL_Driver/Src/stm32l4xx_hal_cortex.o
                                      0xe8148 (size before relaxing)
 .debug_str     0x00000000000ef85d      0xc37 ./Drivers/STM32L4xx_HAL_Driver/Src/stm32l4xx_hal_dfsdm.o
                                      0xe87c6 (size before relaxing)
 .debug_str     0x00000000000f0494      0x161 ./Drivers/STM32L4xx_HAL_Driver/Src/stm32l4xx_hal_gpio.o
                                      0xe7aa7 (size before relaxing)
 .debug_str     0x00000000000f05f5      0xd8e ./Drivers/STM32L4xx_HAL_Driver/Src/stm32l4xx_hal_i2c.o
                                      0xe8a6b (size before relaxing)
 .debug_str     0x00000000000f1383       0xb8 ./Drivers/STM32L4xx_HAL_Driver/Src/stm32l4xx_hal_i2c_ex.o
                                      0xe7e06 (size before relaxing)
 .debug_str     0x00000000000f143b      0x547 ./Drivers/STM32L4xx_HAL_Driver/Src/stm32l4xx_hal_pcd.o
                                      0xe8072 (size before relaxing)
 .debug_str     0x00000000000f1982      0x1b4 ./Drivers/STM32L4xx_HAL_Driver/Src/stm32l4xx_hal_pcd_ex.o
                                      0xe7cd9 (size before relaxing)
 .debug_str     0x00000000000f1b36      0x2f1 ./Drivers/STM32L4xx_HAL_Driver/Src/stm32l4xx_hal_pwr.o
                                      0xe7c14 (size before relaxing)
 .debug_str     0x00000000000f1e27      0x43e ./Drivers/STM32L4xx_HAL_Driver/Src/stm32l4xx_hal_pwr_ex.o
                                      0xe7e18 (size before relaxing)
 .debug_str     0x00000000000f2265      0x6b3 ./Drivers/STM32L4xx_HAL_Driver/Src/stm32l4xx_hal_qspi.o
                                      0xe81dc (size before relaxing)
 .debug_str     0x00000000000f2918      0x3c7 ./Drivers/STM32L4xx_HAL_Driver/Src/stm32l4xx_hal_rcc.o
                                      0xe7edc (size before relaxing)
 .debug_str     0x00000000000f2cdf      0x3a6 ./Drivers/STM32L4xx_HAL_Driver/Src/stm32l4xx_hal_rcc_ex.o
                                      0xe8050 (size before relaxing)
 .debug_str     0x00000000000f3085      0x544 ./Drivers/STM32L4xx_HAL_Driver/Src/stm32l4xx_hal_spi.o
                                      0xe80ba (size before relaxing)
 .debug_str     0x00000000000f35c9      0x897 ./Drivers/STM32L4xx_HAL_Driver/Src/stm32l4xx_hal_uart.o
                                      0xe8564 (size before relaxing)
 .debug_str     0x00000000000f3e60      0x6ae ./Drivers/STM32L4xx_HAL_Driver/Src/stm32l4xx_ll_usb.o
                                      0xe820f (size before relaxing)

.comment        0x0000000000000000       0x53
 .comment       0x0000000000000000       0x53 ./Core/Src/dfsdm.o
                                         0x54 (size before relaxing)
 .comment       0x0000000000000053       0x54 ./Core/Src/gpio.o
 .comment       0x0000000000000053       0x54 ./Core/Src/i2c.o
 .comment       0x0000000000000053       0x54 ./Core/Src/main.o
 .comment       0x0000000000000053       0x54 ./Core/Src/printf.o
 .comment       0x0000000000000053       0x54 ./Core/Src/quadspi.o
 .comment       0x0000000000000053       0x54 ./Core/Src/spi.o
 .comment       0x0000000000000053       0x54 ./Core/Src/stm32l4xx_hal_msp.o
 .comment       0x0000000000000053       0x54 ./Core/Src/stm32l4xx_it.o
 .comment       0x0000000000000053       0x54 ./Core/Src/system_stm32l4xx.o
 .comment       0x0000000000000053       0x54 ./Core/Src/usart.o
 .comment       0x0000000000000053       0x54 ./Core/Src/usb_otg.o
 .comment       0x0000000000000053       0x54 ./Drivers/STM32L4xx_HAL_Driver/Src/stm32l4xx_hal.o
 .comment       0x0000000000000053       0x54 ./Drivers/STM32L4xx_HAL_Driver/Src/stm32l4xx_hal_cortex.o
 .comment       0x0000000000000053       0x54 ./Drivers/STM32L4xx_HAL_Driver/Src/stm32l4xx_hal_dfsdm.o
 .comment       0x0000000000000053       0x54 ./Drivers/STM32L4xx_HAL_Driver/Src/stm32l4xx_hal_gpio.o
 .comment       0x0000000000000053       0x54 ./Drivers/STM32L4xx_HAL_Driver/Src/stm32l4xx_hal_i2c.o
 .comment       0x0000000000000053       0x54 ./Drivers/STM32L4xx_HAL_Driver/Src/stm32l4xx_hal_i2c_ex.o
 .comment       0x0000000000000053       0x54 ./Drivers/STM32L4xx_HAL_Driver/Src/stm32l4xx_hal_pcd.o
 .comment       0x0000000000000053       0x54 ./Drivers/STM32L4xx_HAL_Driver/Src/stm32l4xx_hal_pcd_ex.o
 .comment       0x0000000000000053       0x54 ./Drivers/STM32L4xx_HAL_Driver/Src/stm32l4xx_hal_pwr.o
 .comment       0x0000000000000053       0x54 ./Drivers/STM32L4xx_HAL_Driver/Src/stm32l4xx_hal_pwr_ex.o
 .comment       0x0000000000000053       0x54 ./Drivers/STM32L4xx_HAL_Driver/Src/stm32l4xx_hal_qspi.o
 .comment       0x0000000000000053       0x54 ./Drivers/STM32L4xx_HAL_Driver/Src/stm32l4xx_hal_rcc.o
 .comment       0x0000000000000053       0x54 ./Drivers/STM32L4xx_HAL_Driver/Src/stm32l4xx_hal_rcc_ex.o
 .comment       0x0000000000000053       0x54 ./Drivers/STM32L4xx_HAL_Driver/Src/stm32l4xx_hal_spi.o
 .comment       0x0000000000000053       0x54 ./Drivers/STM32L4xx_HAL_Driver/Src/stm32l4xx_hal_uart.o
 .comment       0x0000000000000053       0x54 ./Drivers/STM32L4xx_HAL_Driver/Src/stm32l4xx_ll_usb.o

.debug_frame    0x0000000000000000     0x6160
 .debug_frame   0x0000000000000000       0x78 ./Core/Src/dfsdm.o
 .debug_frame   0x0000000000000078       0x38 ./Core/Src/gpio.o
 .debug_frame   0x00000000000000b0       0x78 ./Core/Src/i2c.o
 .debug_frame   0x0000000000000128       0x8c ./Core/Src/main.o
 .debug_frame   0x00000000000001b4      0x378 ./Core/Src/printf.o
 .debug_frame   0x000000000000052c       0x74 ./Core/Src/quadspi.o
 .debug_frame   0x00000000000005a0       0x74 ./Core/Src/spi.o
 .debug_frame   0x0000000000000614       0x38 ./Core/Src/stm32l4xx_hal_msp.o
 .debug_frame   0x000000000000064c      0x13c ./Core/Src/stm32l4xx_it.o
 .debug_frame   0x0000000000000788       0x58 ./Core/Src/system_stm32l4xx.o
 .debug_frame   0x00000000000007e0       0xb0 ./Core/Src/usart.o
 .debug_frame   0x0000000000000890       0x78 ./Core/Src/usb_otg.o
 .debug_frame   0x0000000000000908      0x498 ./Drivers/STM32L4xx_HAL_Driver/Src/stm32l4xx_hal.o
 .debug_frame   0x0000000000000da0      0x498 ./Drivers/STM32L4xx_HAL_Driver/Src/stm32l4xx_hal_cortex.o
 .debug_frame   0x0000000000001238      0xa78 ./Drivers/STM32L4xx_HAL_Driver/Src/stm32l4xx_hal_dfsdm.o
 .debug_frame   0x0000000000001cb0      0x14c ./Drivers/STM32L4xx_HAL_Driver/Src/stm32l4xx_hal_gpio.o
 .debug_frame   0x0000000000001dfc      0xbe8 ./Drivers/STM32L4xx_HAL_Driver/Src/stm32l4xx_hal_i2c.o
 .debug_frame   0x00000000000029e4      0x100 ./Drivers/STM32L4xx_HAL_Driver/Src/stm32l4xx_hal_i2c_ex.o
 .debug_frame   0x0000000000002ae4      0x568 ./Drivers/STM32L4xx_HAL_Driver/Src/stm32l4xx_hal_pcd.o
 .debug_frame   0x000000000000304c      0x174 ./Drivers/STM32L4xx_HAL_Driver/Src/stm32l4xx_hal_pcd_ex.o
 .debug_frame   0x00000000000031c0      0x230 ./Drivers/STM32L4xx_HAL_Driver/Src/stm32l4xx_hal_pwr.o
 .debug_frame   0x00000000000033f0      0x544 ./Drivers/STM32L4xx_HAL_Driver/Src/stm32l4xx_hal_pwr_ex.o
 .debug_frame   0x0000000000003934      0x658 ./Drivers/STM32L4xx_HAL_Driver/Src/stm32l4xx_hal_qspi.o
 .debug_frame   0x0000000000003f8c      0x21c ./Drivers/STM32L4xx_HAL_Driver/Src/stm32l4xx_hal_rcc.o
 .debug_frame   0x00000000000041a8      0x2fc ./Drivers/STM32L4xx_HAL_Driver/Src/stm32l4xx_hal_rcc_ex.o
 .debug_frame   0x00000000000044a4      0x860 ./Drivers/STM32L4xx_HAL_Driver/Src/stm32l4xx_hal_spi.o
 .debug_frame   0x0000000000004d04      0x9ec ./Drivers/STM32L4xx_HAL_Driver/Src/stm32l4xx_hal_uart.o
 .debug_frame   0x00000000000056f0      0x7bc ./Drivers/STM32L4xx_HAL_Driver/Src/stm32l4xx_ll_usb.o
 .debug_frame   0x0000000000005eac       0x2c c:/st/stm32cubeide_1.7.0/stm32cubeide/plugins/com.st.stm32cube.ide.mcu.externaltools.gnu-tools-for-stm32.9-2020-q2-update.win32_2.0.0.202105311346/tools/bin/../lib/gcc/arm-none-eabi/9.3.1/../../../../arm-none-eabi/lib/thumb/v7e-m+fp/hard\libc_nano.a(lib_a-init.o)
 .debug_frame   0x0000000000005ed8       0x20 c:/st/stm32cubeide_1.7.0/stm32cubeide/plugins/com.st.stm32cube.ide.mcu.externaltools.gnu-tools-for-stm32.9-2020-q2-update.win32_2.0.0.202105311346/tools/bin/../lib/gcc/arm-none-eabi/9.3.1/../../../../arm-none-eabi/lib/thumb/v7e-m+fp/hard\libc_nano.a(lib_a-memset.o)
 .debug_frame   0x0000000000005ef8       0xac c:/st/stm32cubeide_1.7.0/stm32cubeide/plugins/com.st.stm32cube.ide.mcu.externaltools.gnu-tools-for-stm32.9-2020-q2-update.win32_2.0.0.202105311346/tools/bin/../lib/gcc/arm-none-eabi/9.3.1/thumb/v7e-m+fp/hard\libgcc.a(_arm_addsubdf3.o)
 .debug_frame   0x0000000000005fa4       0x50 c:/st/stm32cubeide_1.7.0/stm32cubeide/plugins/com.st.stm32cube.ide.mcu.externaltools.gnu-tools-for-stm32.9-2020-q2-update.win32_2.0.0.202105311346/tools/bin/../lib/gcc/arm-none-eabi/9.3.1/thumb/v7e-m+fp/hard\libgcc.a(_arm_muldivdf3.o)
 .debug_frame   0x0000000000005ff4       0xc4 c:/st/stm32cubeide_1.7.0/stm32cubeide/plugins/com.st.stm32cube.ide.mcu.externaltools.gnu-tools-for-stm32.9-2020-q2-update.win32_2.0.0.202105311346/tools/bin/../lib/gcc/arm-none-eabi/9.3.1/thumb/v7e-m+fp/hard\libgcc.a(_arm_cmpdf2.o)
 .debug_frame   0x00000000000060b8       0x24 c:/st/stm32cubeide_1.7.0/stm32cubeide/plugins/com.st.stm32cube.ide.mcu.externaltools.gnu-tools-for-stm32.9-2020-q2-update.win32_2.0.0.202105311346/tools/bin/../lib/gcc/arm-none-eabi/9.3.1/thumb/v7e-m+fp/hard\libgcc.a(_arm_fixdfsi.o)
 .debug_frame   0x00000000000060dc       0x24 c:/st/stm32cubeide_1.7.0/stm32cubeide/plugins/com.st.stm32cube.ide.mcu.externaltools.gnu-tools-for-stm32.9-2020-q2-update.win32_2.0.0.202105311346/tools/bin/../lib/gcc/arm-none-eabi/9.3.1/thumb/v7e-m+fp/hard\libgcc.a(_arm_fixunsdfsi.o)
 .debug_frame   0x0000000000006100       0x2c c:/st/stm32cubeide_1.7.0/stm32cubeide/plugins/com.st.stm32cube.ide.mcu.externaltools.gnu-tools-for-stm32.9-2020-q2-update.win32_2.0.0.202105311346/tools/bin/../lib/gcc/arm-none-eabi/9.3.1/thumb/v7e-m+fp/hard\libgcc.a(_aeabi_uldivmod.o)
 .debug_frame   0x000000000000612c       0x34 c:/st/stm32cubeide_1.7.0/stm32cubeide/plugins/com.st.stm32cube.ide.mcu.externaltools.gnu-tools-for-stm32.9-2020-q2-update.win32_2.0.0.202105311346/tools/bin/../lib/gcc/arm-none-eabi/9.3.1/thumb/v7e-m+fp/hard\libgcc.a(_udivmoddi4.o)
